[INFO] Scanning for projects...
[INFO] 
[INFO] ---------------------< com.skilltrack:api-gateway >---------------------
[INFO] Building api-gateway 0.0.1-SNAPSHOT
[INFO]   from pom.xml
[INFO] --------------------------------[ jar ]---------------------------------
[INFO] 
[INFO] >>> spring-boot:3.3.2:run (default-cli) > test-compile @ api-gateway >>>
[INFO] 
[INFO] --- resources:3.3.1:resources (default-resources) @ api-gateway ---
[INFO] Copying 1 resource from src\main\resources to target\classes
[INFO] Copying 0 resource from src\main\resources to target\classes
[INFO] 
[INFO] --- compiler:3.13.0:compile (default-compile) @ api-gateway ---
[INFO] Nothing to compile - all classes are up to date.
[INFO] 
[INFO] --- resources:3.3.1:testResources (default-testResources) @ api-gateway ---
[INFO] skip non existing resourceDirectory E:\SKILLTRACK\skilltrack-backend\api-gateway\src\test\resources
[INFO] 
[INFO] --- compiler:3.13.0:testCompile (default-testCompile) @ api-gateway ---
[INFO] No sources to compile
[INFO] 
[INFO] <<< spring-boot:3.3.2:run (default-cli) < test-compile @ api-gateway <<<
[INFO] 
[INFO] 
[INFO] --- spring-boot:3.3.2:run (default-cli) @ api-gateway ---
[INFO] Attaching agents: []

  .   ____          _            __ _ _
 /\\ / ___'_ __ _ _(_)_ __  __ _ \ \ \ \
( ( )\___ | '_ | '_| | '_ \/ _` | \ \ \ \
 \\/  ___)| |_)| | | | | || (_| |  ) ) ) )
  '  |____| .__|_| |_|_| |_\__, | / / / /
 =========|_|==============|___/=/_/_/_/

 :: Spring Boot ::                (v3.3.2)

2026-08-12T13:27:43.616+05:30  INFO 18100 --- [api-gateway] [  restartedMain] com.skilltrack.ApiGatewayApplication     : Starting ApiGatewayApplication using Java 26.0.1 with PID 18100 (E:\SKILLTRACK\skilltrack-backend\api-gateway\target\classes started by Admin in E:\SKILLTRACK\skilltrack-backend\api-gateway)
2026-08-12T13:27:43.621+05:30  INFO 18100 --- [api-gateway] [  restartedMain] com.skilltrack.ApiGatewayApplication     : No active profile set, falling back to 1 default profile: "default"
2026-08-12T13:27:43.712+05:30  INFO 18100 --- [api-gateway] [  restartedMain] .e.DevToolsPropertyDefaultsPostProcessor : Devtools property defaults active! Set 'spring.devtools.add-properties' to 'false' to disable
2026-08-12T13:27:43.712+05:30  INFO 18100 --- [api-gateway] [  restartedMain] .e.DevToolsPropertyDefaultsPostProcessor : For additional web related logging consider setting the 'logging.level.web' property to 'DEBUG'
2026-08-12T13:27:44.907+05:30  INFO 18100 --- [api-gateway] [  restartedMain] o.s.cloud.context.scope.GenericScope     : BeanFactory id=e122ed04-e0bb-3c69-9cc9-8c0e8edbe502
2026-08-12T13:27:45.009+05:30  WARN 18100 --- [api-gateway] [  restartedMain] trationDelegate$BeanPostProcessorChecker : Bean 'org.springframework.cloud.client.loadbalancer.LoadBalancerAutoConfiguration$DeferringLoadBalancerInterceptorConfig' of type [org.springframework.cloud.client.loadbalancer.LoadBalancerAutoConfiguration$DeferringLoadBalancerInterceptorConfig] is not eligible for getting processed by all BeanPostProcessors (for example: not eligible for auto-proxying). The currently created BeanPostProcessor [lbRestClientPostProcessor] is declared through a non-static factory method on that class; consider declaring it as static instead.
2026-08-12T13:27:45.013+05:30  WARN 18100 --- [api-gateway] [  restartedMain] trationDelegate$BeanPostProcessorChecker : Bean 'deferringLoadBalancerInterceptor' of type [org.springframework.cloud.client.loadbalancer.DeferringLoadBalancerInterceptor] is not eligible for getting processed by all BeanPostProcessors (for example: not eligible for auto-proxying). Is this bean getting eagerly injected into a currently created BeanPostProcessor [lbRestClientPostProcessor]? Check the corresponding BeanPostProcessor declaration and its dependencies.
2026-08-12T13:27:45.014+05:30  WARN 18100 --- [api-gateway] [  restartedMain] trationDelegate$BeanPostProcessorChecker : Bean 'org.springframework.cloud.client.loadbalancer.reactive.LoadBalancerBeanPostProcessorAutoConfiguration' of type [org.springframework.cloud.client.loadbalancer.reactive.LoadBalancerBeanPostProcessorAutoConfiguration] is not eligible for getting processed by all BeanPostProcessors (for example: not eligible for auto-proxying). The currently created BeanPostProcessor [loadBalancerWebClientBuilderBeanPostProcessor] is declared through a non-static factory method on that class; consider declaring it as static instead.
2026-08-12T13:27:45.017+05:30  WARN 18100 --- [api-gateway] [  restartedMain] trationDelegate$BeanPostProcessorChecker : Bean 'org.springframework.cloud.client.loadbalancer.reactive.LoadBalancerBeanPostProcessorAutoConfiguration$ReactorDeferringLoadBalancerFilterConfig' of type [org.springframework.cloud.client.loadbalancer.reactive.LoadBalancerBeanPostProcessorAutoConfiguration$ReactorDeferringLoadBalancerFilterConfig] is not eligible for getting processed by all BeanPostProcessors (for example: not eligible for auto-proxying). Is this bean getting eagerly injected into a currently created BeanPostProcessor [loadBalancerWebClientBuilderBeanPostProcessor]? Check the corresponding BeanPostProcessor declaration and its dependencies.
2026-08-12T13:27:45.018+05:30  WARN 18100 --- [api-gateway] [  restartedMain] trationDelegate$BeanPostProcessorChecker : Bean 'reactorDeferringLoadBalancerExchangeFilterFunction' of type [org.springframework.cloud.client.loadbalancer.reactive.DeferringLoadBalancerExchangeFilterFunction] is not eligible for getting processed by all BeanPostProcessors (for example: not eligible for auto-proxying). Is this bean getting eagerly injected into a currently created BeanPostProcessor [loadBalancerWebClientBuilderBeanPostProcessor]? Check the corresponding BeanPostProcessor declaration and its dependencies.
WARNING: A terminally deprecated method in sun.misc.Unsafe has been called
WARNING: sun.misc.Unsafe::allocateMemory has been called by io.netty.util.internal.PlatformDependent0$2 (file:/C:/Users/Admin/.m2/repository/io/netty/netty-common/4.1.111.Final/netty-common-4.1.111.Final.jar)
WARNING: Please consider reporting this to the maintainers of class io.netty.util.internal.PlatformDependent0$2
WARNING: sun.misc.Unsafe::allocateMemory will be removed in a future release
2026-08-12T13:27:46.192+05:30  INFO 18100 --- [api-gateway] [  restartedMain] o.s.c.g.r.RouteDefinitionRouteLocator    : Loaded RoutePredicateFactory [After]
2026-08-12T13:27:46.192+05:30  INFO 18100 --- [api-gateway] [  restartedMain] o.s.c.g.r.RouteDefinitionRouteLocator    : Loaded RoutePredicateFactory [Before]
2026-08-12T13:27:46.192+05:30  INFO 18100 --- [api-gateway] [  restartedMain] o.s.c.g.r.RouteDefinitionRouteLocator    : Loaded RoutePredicateFactory [Between]
2026-08-12T13:27:46.192+05:30  INFO 18100 --- [api-gateway] [  restartedMain] o.s.c.g.r.RouteDefinitionRouteLocator    : Loaded RoutePredicateFactory [Cookie]
2026-08-12T13:27:46.192+05:30  INFO 18100 --- [api-gateway] [  restartedMain] o.s.c.g.r.RouteDefinitionRouteLocator    : Loaded RoutePredicateFactory [Header]
2026-08-12T13:27:46.192+05:30  INFO 18100 --- [api-gateway] [  restartedMain] o.s.c.g.r.RouteDefinitionRouteLocator    : Loaded RoutePredicateFactory [Host]
2026-08-12T13:27:46.192+05:30  INFO 18100 --- [api-gateway] [  restartedMain] o.s.c.g.r.RouteDefinitionRouteLocator    : Loaded RoutePredicateFactory [Method]
2026-08-12T13:27:46.192+05:30  INFO 18100 --- [api-gateway] [  restartedMain] o.s.c.g.r.RouteDefinitionRouteLocator    : Loaded RoutePredicateFactory [Path]
2026-08-12T13:27:46.193+05:30  INFO 18100 --- [api-gateway] [  restartedMain] o.s.c.g.r.RouteDefinitionRouteLocator    : Loaded RoutePredicateFactory [Query]
2026-08-12T13:27:46.193+05:30  INFO 18100 --- [api-gateway] [  restartedMain] o.s.c.g.r.RouteDefinitionRouteLocator    : Loaded RoutePredicateFactory [ReadBody]
2026-08-12T13:27:46.193+05:30  INFO 18100 --- [api-gateway] [  restartedMain] o.s.c.g.r.RouteDefinitionRouteLocator    : Loaded RoutePredicateFactory [RemoteAddr]
2026-08-12T13:27:46.193+05:30  INFO 18100 --- [api-gateway] [  restartedMain] o.s.c.g.r.RouteDefinitionRouteLocator    : Loaded RoutePredicateFactory [XForwardedRemoteAddr]
2026-08-12T13:27:46.193+05:30  INFO 18100 --- [api-gateway] [  restartedMain] o.s.c.g.r.RouteDefinitionRouteLocator    : Loaded RoutePredicateFactory [Weight]
2026-08-12T13:27:46.193+05:30  INFO 18100 --- [api-gateway] [  restartedMain] o.s.c.g.r.RouteDefinitionRouteLocator    : Loaded RoutePredicateFactory [CloudFoundryRouteService]
2026-08-12T13:27:46.519+05:30  WARN 18100 --- [api-gateway] [  restartedMain] o.s.b.d.a.OptionalLiveReloadServer       : Unable to start LiveReload server
2026-08-12T13:27:46.578+05:30  INFO 18100 --- [api-gateway] [  restartedMain] DiscoveryClientOptionalArgsConfiguration : Eureka HTTP Client uses RestTemplate.
2026-08-12T13:27:46.627+05:30  WARN 18100 --- [api-gateway] [  restartedMain] iguration$LoadBalancerCaffeineWarnLogger : Spring Cloud LoadBalancer is currently working with the default cache. While this cache implementation is useful for development and tests, it's recommended to use Caffeine cache in production.You can switch to using Caffeine cache, by adding it and org.springframework.cache.caffeine.CaffeineCacheManager to the classpath.
2026-08-12T13:27:46.676+05:30  INFO 18100 --- [api-gateway] [  restartedMain] o.s.c.n.eureka.InstanceInfoFactory       : Setting initial instance status as: STARTING
2026-08-12T13:27:46.714+05:30  INFO 18100 --- [api-gateway] [  restartedMain] com.netflix.discovery.DiscoveryClient    : Initializing Eureka in region us-east-1
2026-08-12T13:27:46.721+05:30  INFO 18100 --- [api-gateway] [  restartedMain] c.n.d.s.r.aws.ConfigClusterResolver      : Resolving eureka endpoints via configuration
2026-08-12T13:27:46.733+05:30  INFO 18100 --- [api-gateway] [  restartedMain] com.netflix.discovery.DiscoveryClient    : Disable delta property : false
2026-08-12T13:27:46.734+05:30  INFO 18100 --- [api-gateway] [  restartedMain] com.netflix.discovery.DiscoveryClient    : Single vip registry refresh property : null
2026-08-12T13:27:46.734+05:30  INFO 18100 --- [api-gateway] [  restartedMain] com.netflix.discovery.DiscoveryClient    : Force full registry fetch : false
2026-08-12T13:27:46.734+05:30  INFO 18100 --- [api-gateway] [  restartedMain] com.netflix.discovery.DiscoveryClient    : Application is null : false
2026-08-12T13:27:46.734+05:30  INFO 18100 --- [api-gateway] [  restartedMain] com.netflix.discovery.DiscoveryClient    : Registered Applications size is zero : true
2026-08-12T13:27:46.734+05:30  INFO 18100 --- [api-gateway] [  restartedMain] com.netflix.discovery.DiscoveryClient    : Application version is -1: true
2026-08-12T13:27:46.734+05:30  INFO 18100 --- [api-gateway] [  restartedMain] com.netflix.discovery.DiscoveryClient    : Getting all instance registry info from the eureka server
2026-08-12T13:27:47.350+05:30  INFO 18100 --- [api-gateway] [  restartedMain] com.netflix.discovery.DiscoveryClient    : The response status is 200
2026-08-12T13:27:47.353+05:30  INFO 18100 --- [api-gateway] [  restartedMain] com.netflix.discovery.DiscoveryClient    : Starting heartbeat executor: renew interval is: 30
2026-08-12T13:27:47.355+05:30  INFO 18100 --- [api-gateway] [  restartedMain] c.n.discovery.InstanceInfoReplicator     : InstanceInfoReplicator onDemand update allowed rate per min is 4
2026-08-12T13:27:47.358+05:30  INFO 18100 --- [api-gateway] [  restartedMain] com.netflix.discovery.DiscoveryClient    : Discovery Client initialized at timestamp 1786521467357 with initial instances count: 1
2026-08-12T13:27:47.362+05:30  INFO 18100 --- [api-gateway] [  restartedMain] o.s.c.n.e.s.EurekaServiceRegistry        : Registering application API-GATEWAY with eureka with status UP
2026-08-12T13:27:47.363+05:30  INFO 18100 --- [api-gateway] [  restartedMain] com.netflix.discovery.DiscoveryClient    : Saw local status change event StatusChangeEvent [timestamp=1786521467363, current=UP, previous=STARTING]
2026-08-12T13:27:47.365+05:30  INFO 18100 --- [api-gateway] [foReplicator-%d] com.netflix.discovery.DiscoveryClient    : DiscoveryClient_API-GATEWAY/DESKTOP-4K1TS8H.mshome.net:api-gateway:8080: registering service...
2026-08-12T13:27:47.420+05:30  INFO 18100 --- [api-gateway] [foReplicator-%d] com.netflix.discovery.DiscoveryClient    : DiscoveryClient_API-GATEWAY/DESKTOP-4K1TS8H.mshome.net:api-gateway:8080 - registration status: 204
2026-08-12T13:27:47.615+05:30  INFO 18100 --- [api-gateway] [  restartedMain] o.s.b.web.embedded.netty.NettyWebServer  : Netty started on port 8080 (http)
2026-08-12T13:27:47.617+05:30  INFO 18100 --- [api-gateway] [  restartedMain] .s.c.n.e.s.EurekaAutoServiceRegistration : Updating port to 8080
2026-08-12T13:27:47.662+05:30  INFO 18100 --- [api-gateway] [  restartedMain] com.skilltrack.ApiGatewayApplication     : Started ApiGatewayApplication in 4.734 seconds (process running for 5.609)
2026-08-12T13:28:14.494+05:30  WARN 18100 --- [api-gateway] [ctor-http-nio-3] o.s.c.l.core.RoundRobinLoadBalancer      : No servers available for service: simulation-service
2026-08-12T13:28:14.541+05:30  WARN 18100 --- [api-gateway] [ctor-http-nio-5] o.s.c.l.core.RoundRobinLoadBalancer      : No servers available for service: attempt-analytics-service
2026-08-12T13:28:14.585+05:30  WARN 18100 --- [api-gateway] [ctor-http-nio-6] o.s.c.l.core.RoundRobinLoadBalancer      : No servers available for service: attempt-analytics-service
2026-08-12T13:28:14.585+05:30  WARN 18100 --- [api-gateway] [ctor-http-nio-7] o.s.c.l.core.RoundRobinLoadBalancer      : No servers available for service: simulation-service
2026-08-12T13:28:14.610+05:30  WARN 18100 --- [api-gateway] [ctor-http-nio-4] o.s.c.l.core.RoundRobinLoadBalancer      : No servers available for service: notification-service
2026-08-12T13:28:14.621+05:30  WARN 18100 --- [api-gateway] [ctor-http-nio-6] o.s.c.l.core.RoundRobinLoadBalancer      : No servers available for service: notification-service
2026-08-12T13:32:46.744+05:30  INFO 18100 --- [api-gateway] [rap-executor-%d] c.n.d.s.r.aws.ConfigClusterResolver      : Resolving eureka endpoints via configuration
2026-08-12T13:37:46.753+05:30  INFO 18100 --- [api-gateway] [rap-executor-%d] c.n.d.s.r.aws.ConfigClusterResolver      : Resolving eureka endpoints via configuration
2026-08-12T13:42:46.760+05:30  INFO 18100 --- [api-gateway] [rap-executor-%d] c.n.d.s.r.aws.ConfigClusterResolver      : Resolving eureka endpoints via configuration
2026-08-12T13:47:46.777+05:30  INFO 18100 --- [api-gateway] [rap-executor-%d] c.n.d.s.r.aws.ConfigClusterResolver      : Resolving eureka endpoints via configuration
2026-08-12T13:52:46.788+05:30  INFO 18100 --- [api-gateway] [rap-executor-%d] c.n.d.s.r.aws.ConfigClusterResolver      : Resolving eureka endpoints via configuration
2026-08-12T13:57:46.800+05:30  INFO 18100 --- [api-gateway] [rap-executor-%d] c.n.d.s.r.aws.ConfigClusterResolver      : Resolving eureka endpoints via configuration
2026-08-12T14:02:46.803+05:30  INFO 18100 --- [api-gateway] [rap-executor-%d] c.n.d.s.r.aws.ConfigClusterResolver      : Resolving eureka endpoints via configuration
2026-08-12T14:07:46.813+05:30  INFO 18100 --- [api-gateway] [rap-executor-%d] c.n.d.s.r.aws.ConfigClusterResolver      : Resolving eureka endpoints via configuration
2026-08-12T14:12:46.829+05:30  INFO 18100 --- [api-gateway] [rap-executor-%d] c.n.d.s.r.aws.ConfigClusterResolver      : Resolving eureka endpoints via configuration
2026-08-12T14:17:46.837+05:30  INFO 18100 --- [api-gateway] [rap-executor-%d] c.n.d.s.r.aws.ConfigClusterResolver      : Resolving eureka endpoints via configuration
2026-08-12T14:22:46.839+05:30  INFO 18100 --- [api-gateway] [rap-executor-%d] c.n.d.s.r.aws.ConfigClusterResolver      : Resolving eureka endpoints via configuration
2026-08-12T14:27:46.843+05:30  INFO 18100 --- [api-gateway] [rap-executor-%d] c.n.d.s.r.aws.ConfigClusterResolver      : Resolving eureka endpoints via configuration
2026-08-12T14:32:46.858+05:30  INFO 18100 --- [api-gateway] [rap-executor-%d] c.n.d.s.r.aws.ConfigClusterResolver      : Resolving eureka endpoints via configuration
2026-08-12T14:37:46.860+05:30  INFO 18100 --- [api-gateway] [rap-executor-%d] c.n.d.s.r.aws.ConfigClusterResolver      : Resolving eureka endpoints via configuration
2026-08-12T14:42:46.875+05:30  INFO 18100 --- [api-gateway] [rap-executor-%d] c.n.d.s.r.aws.ConfigClusterResolver      : Resolving eureka endpoints via configuration
2026-08-12T14:45:46.819+05:30  WARN 18100 --- [api-gateway] [ctor-http-nio-5] o.s.c.l.core.RoundRobinLoadBalancer      : No servers available for service: user-service
2026-08-12T14:45:46.819+05:30  WARN 18100 --- [api-gateway] [ctor-http-nio-1] o.s.c.l.core.RoundRobinLoadBalancer      : No servers available for service: user-service
2026-08-12T14:45:46.819+05:30  WARN 18100 --- [api-gateway] [ctor-http-nio-4] o.s.c.l.core.RoundRobinLoadBalancer      : No servers available for service: user-service
2026-08-12T14:45:46.828+05:30  WARN 18100 --- [api-gateway] [ctor-http-nio-6] o.s.c.l.core.RoundRobinLoadBalancer      : No servers available for service: user-service
2026-08-12T14:45:46.828+05:30  WARN 18100 --- [api-gateway] [ctor-http-nio-7] o.s.c.l.core.RoundRobinLoadBalancer      : No servers available for service: user-service
2026-08-12T14:45:46.828+05:30  WARN 18100 --- [api-gateway] [ctor-http-nio-8] o.s.c.l.core.RoundRobinLoadBalancer      : No servers available for service: user-service
2026-08-12T14:45:47.739+05:30  WARN 18100 --- [api-gateway] [ctor-http-nio-6] o.s.c.l.core.RoundRobinLoadBalancer      : No servers available for service: user-service
2026-08-12T14:45:47.739+05:30  WARN 18100 --- [api-gateway] [ctor-http-nio-7] o.s.c.l.core.RoundRobinLoadBalancer      : No servers available for service: user-service
2026-08-12T14:45:47.746+05:30  WARN 18100 --- [api-gateway] [ctor-http-nio-8] o.s.c.l.core.RoundRobinLoadBalancer      : No servers available for service: user-service
2026-08-12T14:45:47.746+05:30  WARN 18100 --- [api-gateway] [ctor-http-nio-4] o.s.c.l.core.RoundRobinLoadBalancer      : No servers available for service: user-service
2026-08-12T14:45:49.748+05:30  WARN 18100 --- [api-gateway] [ctor-http-nio-8] o.s.c.l.core.RoundRobinLoadBalancer      : No servers available for service: user-service
2026-08-12T14:45:49.749+05:30  WARN 18100 --- [api-gateway] [ctor-http-nio-4] o.s.c.l.core.RoundRobinLoadBalancer      : No servers available for service: user-service
2026-08-12T14:45:49.756+05:30  WARN 18100 --- [api-gateway] [ctor-http-nio-7] o.s.c.l.core.RoundRobinLoadBalancer      : No servers available for service: user-service
2026-08-12T14:45:49.756+05:30  WARN 18100 --- [api-gateway] [ctor-http-nio-6] o.s.c.l.core.RoundRobinLoadBalancer      : No servers available for service: user-service
2026-08-12T14:47:46.888+05:30  INFO 18100 --- [api-gateway] [rap-executor-%d] c.n.d.s.r.aws.ConfigClusterResolver      : Resolving eureka endpoints via configuration
2026-08-12T14:52:46.891+05:30  INFO 18100 --- [api-gateway] [rap-executor-%d] c.n.d.s.r.aws.ConfigClusterResolver      : Resolving eureka endpoints via configuration
2026-08-12T14:57:46.893+05:30  INFO 18100 --- [api-gateway] [rap-executor-%d] c.n.d.s.r.aws.ConfigClusterResolver      : Resolving eureka endpoints via configuration
2026-08-12T15:02:46.896+05:30  INFO 18100 --- [api-gateway] [rap-executor-%d] c.n.d.s.r.aws.ConfigClusterResolver      : Resolving eureka endpoints via configuration
2026-08-12T15:07:46.909+05:30  INFO 18100 --- [api-gateway] [rap-executor-%d] c.n.d.s.r.aws.ConfigClusterResolver      : Resolving eureka endpoints via configuration
2026-08-12T15:12:46.918+05:30  INFO 18100 --- [api-gateway] [rap-executor-%d] c.n.d.s.r.aws.ConfigClusterResolver      : Resolving eureka endpoints via configuration
2026-08-12T15:17:46.925+05:30  INFO 18100 --- [api-gateway] [rap-executor-%d] c.n.d.s.r.aws.ConfigClusterResolver      : Resolving eureka endpoints via configuration
2026-08-12T15:22:46.941+05:30  INFO 18100 --- [api-gateway] [rap-executor-%d] c.n.d.s.r.aws.ConfigClusterResolver      : Resolving eureka endpoints via configuration
2026-08-12T15:27:46.951+05:30  INFO 18100 --- [api-gateway] [rap-executor-%d] c.n.d.s.r.aws.ConfigClusterResolver      : Resolving eureka endpoints via configuration
2026-08-12T15:32:46.967+05:30  INFO 18100 --- [api-gateway] [rap-executor-%d] c.n.d.s.r.aws.ConfigClusterResolver      : Resolving eureka endpoints via configuration
2026-08-12T15:37:46.977+05:30  INFO 18100 --- [api-gateway] [rap-executor-%d] c.n.d.s.r.aws.ConfigClusterResolver      : Resolving eureka endpoints via configuration
2026-08-12T15:42:46.990+05:30  INFO 18100 --- [api-gateway] [rap-executor-%d] c.n.d.s.r.aws.ConfigClusterResolver      : Resolving eureka endpoints via configuration
2026-08-12T15:47:47.002+05:30  INFO 18100 --- [api-gateway] [rap-executor-%d] c.n.d.s.r.aws.ConfigClusterResolver      : Resolving eureka endpoints via configuration
2026-08-12T15:52:47.004+05:30  INFO 18100 --- [api-gateway] [rap-executor-%d] c.n.d.s.r.aws.ConfigClusterResolver      : Resolving eureka endpoints via configuration
^C