[INFO] Scanning for projects...
[INFO] 
[INFO] --------------< com.skilltrack:attempt-analytics-service >--------------
[INFO] Building attempt-analytics-service 0.0.1-SNAPSHOT
[INFO]   from pom.xml
[INFO] --------------------------------[ jar ]---------------------------------
[INFO] 
[INFO] >>> spring-boot:3.3.2:run (default-cli) > test-compile @ attempt-analytics-service >>>
[INFO] 
[INFO] --- resources:3.3.1:resources (default-resources) @ attempt-analytics-service ---
[INFO] Copying 1 resource from src\main\resources to target\classes
[INFO] Copying 0 resource from src\main\resources to target\classes
[INFO] 
[INFO] --- compiler:3.13.0:compile (default-compile) @ attempt-analytics-service ---
[INFO] Nothing to compile - all classes are up to date.
[INFO] 
[INFO] --- resources:3.3.1:testResources (default-testResources) @ attempt-analytics-service ---
[INFO] skip non existing resourceDirectory E:\SKILLTRACK\skilltrack-backend\attempt-analytics-service\src\test\resources
[INFO] 
[INFO] --- compiler:3.13.0:testCompile (default-testCompile) @ attempt-analytics-service ---
[INFO] No sources to compile
[INFO] 
[INFO] <<< spring-boot:3.3.2:run (default-cli) < test-compile @ attempt-analytics-service <<<
[INFO] 
[INFO] 
[INFO] --- spring-boot:3.3.2:run (default-cli) @ attempt-analytics-service ---
[INFO] Attaching agents: []

  .   ____          _            __ _ _
 /\\ / ___'_ __ _ _(_)_ __  __ _ \ \ \ \
( ( )\___ | '_ | '_| | '_ \/ _` | \ \ \ \
 \\/  ___)| |_)| | | | | || (_| |  ) ) ) )
  '  |____| .__|_| |_|_| |_\__, | / / / /
 =========|_|==============|___/=/_/_/_/

 :: Spring Boot ::                (v3.3.2)

2026-08-12T13:27:20.640+05:30  INFO 23108 --- [attempt-analytics-service] [  restartedMain] c.s.AttemptAnalyticsApplication          : Starting AttemptAnalyticsApplication using Java 26.0.1 with PID 23108 (E:\SKILLTRACK\skilltrack-backend\attempt-analytics-service\target\classes started by Admin in E:\SKILLTRACK\skilltrack-backend\attempt-analytics-service)
2026-08-12T13:27:20.648+05:30  INFO 23108 --- [attempt-analytics-service] [  restartedMain] c.s.AttemptAnalyticsApplication          : No active profile set, falling back to 1 default profile: "default"
2026-08-12T13:27:21.105+05:30  INFO 23108 --- [attempt-analytics-service] [  restartedMain] .e.DevToolsPropertyDefaultsPostProcessor : Devtools property defaults active! Set 'spring.devtools.add-properties' to 'false' to disable
2026-08-12T13:27:21.106+05:30  INFO 23108 --- [attempt-analytics-service] [  restartedMain] .e.DevToolsPropertyDefaultsPostProcessor : For additional web related logging consider setting the 'logging.level.web' property to 'DEBUG'
2026-08-12T13:27:24.559+05:30  INFO 23108 --- [attempt-analytics-service] [  restartedMain] .s.d.r.c.RepositoryConfigurationDelegate : Bootstrapping Spring Data MongoDB repositories in DEFAULT mode.
2026-08-12T13:27:24.608+05:30  INFO 23108 --- [attempt-analytics-service] [  restartedMain] .s.d.r.c.RepositoryConfigurationDelegate : Finished Spring Data repository scanning in 40 ms. Found 0 MongoDB repository interfaces.
2026-08-12T13:27:25.294+05:30  INFO 23108 --- [attempt-analytics-service] [  restartedMain] o.s.cloud.context.scope.GenericScope     : BeanFactory id=8c3b1bda-fece-3b55-b912-20c5ec29641a
2026-08-12T13:27:25.520+05:30  WARN 23108 --- [attempt-analytics-service] [  restartedMain] trationDelegate$BeanPostProcessorChecker : Bean 'org.springframework.cloud.client.loadbalancer.LoadBalancerAutoConfiguration$DeferringLoadBalancerInterceptorConfig' of type [org.springframework.cloud.client.loadbalancer.LoadBalancerAutoConfiguration$DeferringLoadBalancerInterceptorConfig] is not eligible for getting processed by all BeanPostProcessors (for example: not eligible for auto-proxying). The currently created BeanPostProcessor [lbRestClientPostProcessor] is declared through a non-static factory method on that class; consider declaring it as static instead.
2026-08-12T13:27:25.524+05:30  WARN 23108 --- [attempt-analytics-service] [  restartedMain] trationDelegate$BeanPostProcessorChecker : Bean 'deferringLoadBalancerInterceptor' of type [org.springframework.cloud.client.loadbalancer.DeferringLoadBalancerInterceptor] is not eligible for getting processed by all BeanPostProcessors (for example: not eligible for auto-proxying). Is this bean getting eagerly injected into a currently created BeanPostProcessor [lbRestClientPostProcessor]? Check the corresponding BeanPostProcessor declaration and its dependencies.
WARNING: A restricted method in java.lang.System has been called
WARNING: java.lang.System::load has been called by org.apache.tomcat.jni.Library in an unnamed module (file:/C:/Users/Admin/.m2/repository/org/apache/tomcat/embed/tomcat-embed-core/10.1.26/tomcat-embed-core-10.1.26.jar)
WARNING: Use --enable-native-access=ALL-UNNAMED to avoid a warning for callers in this module
WARNING: Restricted methods will be blocked in a future release unless native access is enabled

2026-08-12T13:27:26.746+05:30  INFO 23108 --- [attempt-analytics-service] [  restartedMain] o.s.b.w.embedded.tomcat.TomcatWebServer  : Tomcat initialized with port 8083 (http)
2026-08-12T13:27:26.785+05:30  INFO 23108 --- [attempt-analytics-service] [  restartedMain] o.apache.catalina.core.StandardService   : Starting service [Tomcat]
2026-08-12T13:27:26.785+05:30  INFO 23108 --- [attempt-analytics-service] [  restartedMain] o.apache.catalina.core.StandardEngine    : Starting Servlet engine: [Apache Tomcat/10.1.26]
2026-08-12T13:27:26.974+05:30  INFO 23108 --- [attempt-analytics-service] [  restartedMain] o.a.c.c.C.[Tomcat].[localhost].[/]       : Initializing Spring embedded WebApplicationContext
2026-08-12T13:27:26.975+05:30  INFO 23108 --- [attempt-analytics-service] [  restartedMain] w.s.c.ServletWebServerApplicationContext : Root WebApplicationContext: initialization completed in 5867 ms
2026-08-12T13:27:27.408+05:30  INFO 23108 --- [attempt-analytics-service] [  restartedMain] org.mongodb.driver.client                : MongoClient with metadata {"driver": {"name": "mongo-java-driver|sync|spring-boot", "version": "5.0.1"}, "os": {"type": "Windows", "name": "Windows 11", "architecture": "amd64", "version": "10.0"}, "platform": "Java/Oracle Corporation/26.0.1+8-34"} created with settings MongoClientSettings{readPreference=primary, writeConcern=WriteConcern{w=null, wTimeout=null ms, journal=null}, retryWrites=true, retryReads=true, readConcern=ReadConcern{level=null}, credential=null, transportSettings=null, commandListeners=[], codecRegistry=ProvidersCodecRegistry{codecProviders=[ValueCodecProvider{}, BsonValueCodecProvider{}, DBRefCodecProvider{}, DBObjectCodecProvider{}, DocumentCodecProvider{}, CollectionCodecProvider{}, IterableCodecProvider{}, MapCodecProvider{}, GeoJsonCodecProvider{}, GridFSFileCodecProvider{}, Jsr310CodecProvider{}, JsonObjectCodecProvider{}, BsonCodecProvider{}, EnumCodecProvider{}, com.mongodb.client.model.mql.ExpressionCodecProvider@6f516892, com.mongodb.Jep395RecordCodecProvider@6eec9d94, com.mongodb.KotlinCodecProvider@2373a89b]}, loggerSettings=LoggerSettings{maxDocumentLength=1000}, clusterSettings={hosts=[localhost:27017], srvServiceName=mongodb, mode=SINGLE, requiredClusterType=UNKNOWN, requiredReplicaSetName='null', serverSelector='null', clusterListeners='[]', serverSelectionTimeout='30000 ms', localThreshold='15 ms'}, socketSettings=SocketSettings{connectTimeoutMS=10000, readTimeoutMS=0, receiveBufferSize=0, proxySettings=ProxySettings{host=null, port=null, username=null, password=null}}, heartbeatSocketSettings=SocketSettings{connectTimeoutMS=10000, readTimeoutMS=10000, receiveBufferSize=0, proxySettings=ProxySettings{host=null, port=null, username=null, password=null}}, connectionPoolSettings=ConnectionPoolSettings{maxSize=100, minSize=0, maxWaitTimeMS=120000, maxConnectionLifeTimeMS=0, maxConnectionIdleTimeMS=0, maintenanceInitialDelayMS=0, maintenanceFrequencyMS=60000, connectionPoolListeners=[], maxConnecting=2}, serverSettings=ServerSettings{heartbeatFrequencyMS=10000, minHeartbeatFrequencyMS=500, serverListeners='[]', serverMonitorListeners='[]'}, sslSettings=SslSettings{enabled=false, invalidHostNameAllowed=false, context=null}, applicationName='null', compressorList=[], uuidRepresentation=JAVA_LEGACY, serverApi=null, autoEncryptionSettings=null, dnsClient=null, inetAddressResolver=null, contextProvider=null}
2026-08-12T13:27:27.439+05:30  INFO 23108 --- [attempt-analytics-service] [localhost:27017] org.mongodb.driver.cluster               : Monitor thread successfully connected to server with description ServerDescription{address=localhost:27017, type=STANDALONE, state=CONNECTED, ok=true, minWireVersion=0, maxWireVersion=28, maxDocumentSize=16777216, logicalSessionTimeoutMinutes=30, roundTripTimeNanos=32336700}
2026-08-12T13:27:29.542+05:30  WARN 23108 --- [attempt-analytics-service] [  restartedMain] o.s.b.d.a.OptionalLiveReloadServer       : Unable to start LiveReload server
2026-08-12T13:27:29.732+05:30  INFO 23108 --- [attempt-analytics-service] [  restartedMain] DiscoveryClientOptionalArgsConfiguration : Eureka HTTP Client uses RestTemplate.
2026-08-12T13:27:29.809+05:30  WARN 23108 --- [attempt-analytics-service] [  restartedMain] iguration$LoadBalancerCaffeineWarnLogger : Spring Cloud LoadBalancer is currently working with the default cache. While this cache implementation is useful for development and tests, it's recommended to use Caffeine cache in production.You can switch to using Caffeine cache, by adding it and org.springframework.cache.caffeine.CaffeineCacheManager to the classpath.
2026-08-12T13:27:29.864+05:30  INFO 23108 --- [attempt-analytics-service] [  restartedMain] o.s.c.n.eureka.InstanceInfoFactory       : Setting initial instance status as: STARTING
2026-08-12T13:27:29.927+05:30  INFO 23108 --- [attempt-analytics-service] [  restartedMain] com.netflix.discovery.DiscoveryClient    : Initializing Eureka in region us-east-1
2026-08-12T13:27:29.940+05:30  INFO 23108 --- [attempt-analytics-service] [  restartedMain] c.n.d.s.r.aws.ConfigClusterResolver      : Resolving eureka endpoints via configuration
2026-08-12T13:27:29.962+05:30  INFO 23108 --- [attempt-analytics-service] [  restartedMain] com.netflix.discovery.DiscoveryClient    : Disable delta property : false
2026-08-12T13:27:29.962+05:30  INFO 23108 --- [attempt-analytics-service] [  restartedMain] com.netflix.discovery.DiscoveryClient    : Single vip registry refresh property : null
2026-08-12T13:27:29.963+05:30  INFO 23108 --- [attempt-analytics-service] [  restartedMain] com.netflix.discovery.DiscoveryClient    : Force full registry fetch : false
2026-08-12T13:27:29.963+05:30  INFO 23108 --- [attempt-analytics-service] [  restartedMain] com.netflix.discovery.DiscoveryClient    : Application is null : false
2026-08-12T13:27:29.963+05:30  INFO 23108 --- [attempt-analytics-service] [  restartedMain] com.netflix.discovery.DiscoveryClient    : Registered Applications size is zero : true
2026-08-12T13:27:29.963+05:30  INFO 23108 --- [attempt-analytics-service] [  restartedMain] com.netflix.discovery.DiscoveryClient    : Application version is -1: true
2026-08-12T13:27:29.963+05:30  INFO 23108 --- [attempt-analytics-service] [  restartedMain] com.netflix.discovery.DiscoveryClient    : Getting all instance registry info from the eureka server
2026-08-12T13:27:30.483+05:30  INFO 23108 --- [attempt-analytics-service] [  restartedMain] com.netflix.discovery.DiscoveryClient    : The response status is 200
2026-08-12T13:27:30.489+05:30  INFO 23108 --- [attempt-analytics-service] [  restartedMain] com.netflix.discovery.DiscoveryClient    : Starting heartbeat executor: renew interval is: 30
2026-08-12T13:27:30.493+05:30  INFO 23108 --- [attempt-analytics-service] [  restartedMain] c.n.discovery.InstanceInfoReplicator     : InstanceInfoReplicator onDemand update allowed rate per min is 4
2026-08-12T13:27:30.497+05:30  INFO 23108 --- [attempt-analytics-service] [  restartedMain] com.netflix.discovery.DiscoveryClient    : Discovery Client initialized at timestamp 1786521450496 with initial instances count: 1
2026-08-12T13:27:30.505+05:30  INFO 23108 --- [attempt-analytics-service] [  restartedMain] o.s.c.n.e.s.EurekaServiceRegistry        : Registering application ATTEMPT-ANALYTICS-SERVICE with eureka with status UP
2026-08-12T13:27:30.506+05:30  INFO 23108 --- [attempt-analytics-service] [  restartedMain] com.netflix.discovery.DiscoveryClient    : Saw local status change event StatusChangeEvent [timestamp=1786521450506, current=UP, previous=STARTING]
2026-08-12T13:27:30.510+05:30  INFO 23108 --- [attempt-analytics-service] [foReplicator-%d] com.netflix.discovery.DiscoveryClient    : DiscoveryClient_ATTEMPT-ANALYTICS-SERVICE/DESKTOP-4K1TS8H.mshome.net:attempt-analytics-service:8083: registering service...
2026-08-12T13:27:30.554+05:30  INFO 23108 --- [attempt-analytics-service] [  restartedMain] o.s.b.w.embedded.tomcat.TomcatWebServer  : Tomcat started on port 8083 (http) with context path '/'
2026-08-12T13:27:30.555+05:30  INFO 23108 --- [attempt-analytics-service] [  restartedMain] .s.c.n.e.s.EurekaAutoServiceRegistration : Updating port to 8083
2026-08-12T13:27:30.606+05:30  INFO 23108 --- [attempt-analytics-service] [  restartedMain] c.s.AttemptAnalyticsApplication          : Started AttemptAnalyticsApplication in 12.319 seconds (process running for 14.028)
2026-08-12T13:27:30.606+05:30  INFO 23108 --- [attempt-analytics-service] [foReplicator-%d] com.netflix.discovery.DiscoveryClient    : DiscoveryClient_ATTEMPT-ANALYTICS-SERVICE/DESKTOP-4K1TS8H.mshome.net:attempt-analytics-service:8083 - registration status: 204
2026-08-12T13:28:45.179+05:30  INFO 23108 --- [attempt-analytics-service] [nio-8083-exec-2] o.a.c.c.C.[Tomcat].[localhost].[/]       : Initializing Spring DispatcherServlet 'dispatcherServlet'
2026-08-12T13:28:45.180+05:30  INFO 23108 --- [attempt-analytics-service] [nio-8083-exec-2] o.s.web.servlet.DispatcherServlet        : Initializing Servlet 'dispatcherServlet'
2026-08-12T13:28:45.183+05:30  INFO 23108 --- [attempt-analytics-service] [nio-8083-exec-2] o.s.web.servlet.DispatcherServlet        : Completed initialization in 3 ms
2026-08-12T13:32:29.980+05:30  INFO 23108 --- [attempt-analytics-service] [rap-executor-%d] c.n.d.s.r.aws.ConfigClusterResolver      : Resolving eureka endpoints via configuration
2026-08-12T13:37:29.986+05:30  INFO 23108 --- [attempt-analytics-service] [rap-executor-%d] c.n.d.s.r.aws.ConfigClusterResolver      : Resolving eureka endpoints via configuration
2026-08-12T13:42:29.996+05:30  INFO 23108 --- [attempt-analytics-service] [rap-executor-%d] c.n.d.s.r.aws.ConfigClusterResolver      : Resolving eureka endpoints via configuration
2026-08-12T13:47:29.999+05:30  INFO 23108 --- [attempt-analytics-service] [rap-executor-%d] c.n.d.s.r.aws.ConfigClusterResolver      : Resolving eureka endpoints via configuration
2026-08-12T13:52:30.011+05:30  INFO 23108 --- [attempt-analytics-service] [rap-executor-%d] c.n.d.s.r.aws.ConfigClusterResolver      : Resolving eureka endpoints via configuration
2026-08-12T13:57:30.028+05:30  INFO 23108 --- [attempt-analytics-service] [rap-executor-%d] c.n.d.s.r.aws.ConfigClusterResolver      : Resolving eureka endpoints via configuration
2026-08-12T14:02:30.037+05:30  INFO 23108 --- [attempt-analytics-service] [rap-executor-%d] c.n.d.s.r.aws.ConfigClusterResolver      : Resolving eureka endpoints via configuration
2026-08-12T14:07:30.043+05:30  INFO 23108 --- [attempt-analytics-service] [rap-executor-%d] c.n.d.s.r.aws.ConfigClusterResolver      : Resolving eureka endpoints via configuration
2026-08-12T14:12:30.057+05:30  INFO 23108 --- [attempt-analytics-service] [rap-executor-%d] c.n.d.s.r.aws.ConfigClusterResolver      : Resolving eureka endpoints via configuration
2026-08-12T14:17:30.068+05:30  INFO 23108 --- [attempt-analytics-service] [rap-executor-%d] c.n.d.s.r.aws.ConfigClusterResolver      : Resolving eureka endpoints via configuration
2026-08-12T14:22:30.071+05:30  INFO 23108 --- [attempt-analytics-service] [rap-executor-%d] c.n.d.s.r.aws.ConfigClusterResolver      : Resolving eureka endpoints via configuration
2026-08-12T14:27:06.249+05:30  INFO 23108 --- [attempt-analytics-service] [   File Watcher] rtingClassPathChangeChangedEventListener : Restarting due to 16 class path changes (0 additions, 16 deletions, 0 modifications)
2026-08-12T14:27:06.254+05:30  INFO 23108 --- [attempt-analytics-service] [       Thread-1] o.s.c.n.e.s.EurekaServiceRegistry        : Unregistering application ATTEMPT-ANALYTICS-SERVICE with eureka with status DOWN
2026-08-12T14:27:06.254+05:30  INFO 23108 --- [attempt-analytics-service] [       Thread-1] com.netflix.discovery.DiscoveryClient    : Saw local status change event StatusChangeEvent [timestamp=1786525026254, current=DOWN, previous=UP]
2026-08-12T14:27:06.255+05:30  INFO 23108 --- [attempt-analytics-service] [foReplicator-%d] com.netflix.discovery.DiscoveryClient    : DiscoveryClient_ATTEMPT-ANALYTICS-SERVICE/DESKTOP-4K1TS8H.mshome.net:attempt-analytics-service:8083: registering service...
2026-08-12T14:27:06.287+05:30  INFO 23108 --- [attempt-analytics-service] [foReplicator-%d] com.netflix.discovery.DiscoveryClient    : DiscoveryClient_ATTEMPT-ANALYTICS-SERVICE/DESKTOP-4K1TS8H.mshome.net:attempt-analytics-service:8083 - registration status: 204
2026-08-12T14:27:06.312+05:30  INFO 23108 --- [attempt-analytics-service] [       Thread-1] com.netflix.discovery.DiscoveryClient    : Shutting down DiscoveryClient ...
2026-08-12T14:27:09.319+05:30  INFO 23108 --- [attempt-analytics-service] [       Thread-1] com.netflix.discovery.DiscoveryClient    : Unregistering ...
2026-08-12T14:27:09.350+05:30  INFO 23108 --- [attempt-analytics-service] [       Thread-1] com.netflix.discovery.DiscoveryClient    : DiscoveryClient_ATTEMPT-ANALYTICS-SERVICE/DESKTOP-4K1TS8H.mshome.net:attempt-analytics-service:8083 - deregister  status: 200
2026-08-12T14:27:09.351+05:30  INFO 23108 --- [attempt-analytics-service] [       Thread-1] com.netflix.discovery.DiscoveryClient    : Completed shut down of DiscoveryClient

  .   ____          _            __ _ _
 /\\ / ___'_ __ _ _(_)_ __  __ _ \ \ \ \
( ( )\___ | '_ | '_| | '_ \/ _` | \ \ \ \
 \\/  ___)| |_)| | | | | || (_| |  ) ) ) )
  '  |____| .__|_| |_|_| |_\__, | / / / /
 =========|_|==============|___/=/_/_/_/

 :: Spring Boot ::                (v3.3.2)

2026-08-12T14:27:09.528+05:30  INFO 23108 --- [attempt-analytics-service] [  restartedMain] c.s.AttemptAnalyticsApplication          : Starting AttemptAnalyticsApplication using Java 26.0.1 with PID 23108 (E:\SKILLTRACK\skilltrack-backend\attempt-analytics-service\target\classes started by Admin in E:\SKILLTRACK\skilltrack-backend\attempt-analytics-service)
2026-08-12T14:27:09.528+05:30  INFO 23108 --- [attempt-analytics-service] [  restartedMain] c.s.AttemptAnalyticsApplication          : No active profile set, falling back to 1 default profile: "default"
2026-08-12T14:27:10.027+05:30  INFO 23108 --- [attempt-analytics-service] [  restartedMain] .s.d.r.c.RepositoryConfigurationDelegate : Bootstrapping Spring Data MongoDB repositories in DEFAULT mode.
2026-08-12T14:27:10.031+05:30  INFO 23108 --- [attempt-analytics-service] [  restartedMain] .s.d.r.c.RepositoryConfigurationDelegate : Finished Spring Data repository scanning in 3 ms. Found 0 MongoDB repository interfaces.
2026-08-12T14:27:10.142+05:30  INFO 23108 --- [attempt-analytics-service] [  restartedMain] o.s.cloud.context.scope.GenericScope     : BeanFactory id=8c3b1bda-fece-3b55-b912-20c5ec29641a
2026-08-12T14:27:10.161+05:30  WARN 23108 --- [attempt-analytics-service] [  restartedMain] trationDelegate$BeanPostProcessorChecker : Bean 'org.springframework.cloud.client.loadbalancer.LoadBalancerAutoConfiguration$DeferringLoadBalancerInterceptorConfig' of type [org.springframework.cloud.client.loadbalancer.LoadBalancerAutoConfiguration$DeferringLoadBalancerInterceptorConfig] is not eligible for getting processed by all BeanPostProcessors (for example: not eligible for auto-proxying). The currently created BeanPostProcessor [lbRestClientPostProcessor] is declared through a non-static factory method on that class; consider declaring it as static instead.
2026-08-12T14:27:10.163+05:30  WARN 23108 --- [attempt-analytics-service] [  restartedMain] trationDelegate$BeanPostProcessorChecker : Bean 'deferringLoadBalancerInterceptor' of type [org.springframework.cloud.client.loadbalancer.DeferringLoadBalancerInterceptor] is not eligible for getting processed by all BeanPostProcessors (for example: not eligible for auto-proxying). Is this bean getting eagerly injected into a currently created BeanPostProcessor [lbRestClientPostProcessor]? Check the corresponding BeanPostProcessor declaration and its dependencies.
2026-08-12T14:27:10.275+05:30  INFO 23108 --- [attempt-analytics-service] [  restartedMain] o.s.b.w.embedded.tomcat.TomcatWebServer  : Tomcat initialized with port 8083 (http)
2026-08-12T14:27:10.278+05:30  INFO 23108 --- [attempt-analytics-service] [  restartedMain] o.apache.catalina.core.StandardService   : Starting service [Tomcat]
2026-08-12T14:27:10.278+05:30  INFO 23108 --- [attempt-analytics-service] [  restartedMain] o.apache.catalina.core.StandardEngine    : Starting Servlet engine: [Apache Tomcat/10.1.26]
2026-08-12T14:27:10.351+05:30  INFO 23108 --- [attempt-analytics-service] [  restartedMain] o.a.c.c.C.[Tomcat].[localhost].[/]       : Initializing Spring embedded WebApplicationContext
2026-08-12T14:27:10.351+05:30  INFO 23108 --- [attempt-analytics-service] [  restartedMain] w.s.c.ServletWebServerApplicationContext : Root WebApplicationContext: initialization completed in 819 ms
2026-08-12T14:27:10.386+05:30  INFO 23108 --- [attempt-analytics-service] [  restartedMain] org.mongodb.driver.client                : MongoClient with metadata {"driver": {"name": "mongo-java-driver|sync|spring-boot", "version": "5.0.1"}, "os": {"type": "Windows", "name": "Windows 11", "architecture": "amd64", "version": "10.0"}, "platform": "Java/Oracle Corporation/26.0.1+8-34"} created with settings MongoClientSettings{readPreference=primary, writeConcern=WriteConcern{w=null, wTimeout=null ms, journal=null}, retryWrites=true, retryReads=true, readConcern=ReadConcern{level=null}, credential=null, transportSettings=null, commandListeners=[], codecRegistry=ProvidersCodecRegistry{codecProviders=[ValueCodecProvider{}, BsonValueCodecProvider{}, DBRefCodecProvider{}, DBObjectCodecProvider{}, DocumentCodecProvider{}, CollectionCodecProvider{}, IterableCodecProvider{}, MapCodecProvider{}, GeoJsonCodecProvider{}, GridFSFileCodecProvider{}, Jsr310CodecProvider{}, JsonObjectCodecProvider{}, BsonCodecProvider{}, EnumCodecProvider{}, com.mongodb.client.model.mql.ExpressionCodecProvider@6f516892, com.mongodb.Jep395RecordCodecProvider@6eec9d94, com.mongodb.KotlinCodecProvider@2373a89b]}, loggerSettings=LoggerSettings{maxDocumentLength=1000}, clusterSettings={hosts=[localhost:27017], srvServiceName=mongodb, mode=SINGLE, requiredClusterType=UNKNOWN, requiredReplicaSetName='null', serverSelector='null', clusterListeners='[]', serverSelectionTimeout='30000 ms', localThreshold='15 ms'}, socketSettings=SocketSettings{connectTimeoutMS=10000, readTimeoutMS=0, receiveBufferSize=0, proxySettings=ProxySettings{host=null, port=null, username=null, password=null}}, heartbeatSocketSettings=SocketSettings{connectTimeoutMS=10000, readTimeoutMS=10000, receiveBufferSize=0, proxySettings=ProxySettings{host=null, port=null, username=null, password=null}}, connectionPoolSettings=ConnectionPoolSettings{maxSize=100, minSize=0, maxWaitTimeMS=120000, maxConnectionLifeTimeMS=0, maxConnectionIdleTimeMS=0, maintenanceInitialDelayMS=0, maintenanceFrequencyMS=60000, connectionPoolListeners=[], maxConnecting=2}, serverSettings=ServerSettings{heartbeatFrequencyMS=10000, minHeartbeatFrequencyMS=500, serverListeners='[]', serverMonitorListeners='[]'}, sslSettings=SslSettings{enabled=false, invalidHostNameAllowed=false, context=null}, applicationName='null', compressorList=[], uuidRepresentation=JAVA_LEGACY, serverApi=null, autoEncryptionSettings=null, dnsClient=null, inetAddressResolver=null, contextProvider=null}
2026-08-12T14:27:10.389+05:30  INFO 23108 --- [attempt-analytics-service] [localhost:27017] org.mongodb.driver.cluster               : Monitor thread successfully connected to server with description ServerDescription{address=localhost:27017, type=STANDALONE, state=CONNECTED, ok=true, minWireVersion=0, maxWireVersion=28, maxDocumentSize=16777216, logicalSessionTimeoutMinutes=30, roundTripTimeNanos=2852700}
2026-08-12T14:27:10.788+05:30  WARN 23108 --- [attempt-analytics-service] [  restartedMain] o.s.b.d.a.OptionalLiveReloadServer       : Unable to start LiveReload server
2026-08-12T14:27:10.861+05:30  INFO 23108 --- [attempt-analytics-service] [  restartedMain] DiscoveryClientOptionalArgsConfiguration : Eureka HTTP Client uses RestTemplate.
2026-08-12T14:27:10.882+05:30  WARN 23108 --- [attempt-analytics-service] [  restartedMain] iguration$LoadBalancerCaffeineWarnLogger : Spring Cloud LoadBalancer is currently working with the default cache. While this cache implementation is useful for development and tests, it's recommended to use Caffeine cache in production.You can switch to using Caffeine cache, by adding it and org.springframework.cache.caffeine.CaffeineCacheManager to the classpath.
2026-08-12T14:27:10.900+05:30  INFO 23108 --- [attempt-analytics-service] [  restartedMain] o.s.c.n.eureka.InstanceInfoFactory       : Setting initial instance status as: STARTING
2026-08-12T14:27:10.903+05:30  INFO 23108 --- [attempt-analytics-service] [  restartedMain] com.netflix.discovery.DiscoveryClient    : Initializing Eureka in region us-east-1
2026-08-12T14:27:10.904+05:30  INFO 23108 --- [attempt-analytics-service] [  restartedMain] c.n.d.s.r.aws.ConfigClusterResolver      : Resolving eureka endpoints via configuration
2026-08-12T14:27:10.904+05:30  INFO 23108 --- [attempt-analytics-service] [  restartedMain] com.netflix.discovery.DiscoveryClient    : Disable delta property : false
2026-08-12T14:27:10.904+05:30  INFO 23108 --- [attempt-analytics-service] [  restartedMain] com.netflix.discovery.DiscoveryClient    : Single vip registry refresh property : null
2026-08-12T14:27:10.904+05:30  INFO 23108 --- [attempt-analytics-service] [  restartedMain] com.netflix.discovery.DiscoveryClient    : Force full registry fetch : false
2026-08-12T14:27:10.904+05:30  INFO 23108 --- [attempt-analytics-service] [  restartedMain] com.netflix.discovery.DiscoveryClient    : Application is null : false
2026-08-12T14:27:10.904+05:30  INFO 23108 --- [attempt-analytics-service] [  restartedMain] com.netflix.discovery.DiscoveryClient    : Registered Applications size is zero : true
2026-08-12T14:27:10.904+05:30  INFO 23108 --- [attempt-analytics-service] [  restartedMain] com.netflix.discovery.DiscoveryClient    : Application version is -1: true
2026-08-12T14:27:10.904+05:30  INFO 23108 --- [attempt-analytics-service] [  restartedMain] com.netflix.discovery.DiscoveryClient    : Getting all instance registry info from the eureka server
2026-08-12T14:27:10.955+05:30  INFO 23108 --- [attempt-analytics-service] [  restartedMain] com.netflix.discovery.DiscoveryClient    : The response status is 200
2026-08-12T14:27:10.956+05:30  INFO 23108 --- [attempt-analytics-service] [  restartedMain] com.netflix.discovery.DiscoveryClient    : Starting heartbeat executor: renew interval is: 30
2026-08-12T14:27:10.956+05:30  INFO 23108 --- [attempt-analytics-service] [  restartedMain] c.n.discovery.InstanceInfoReplicator     : InstanceInfoReplicator onDemand update allowed rate per min is 4
2026-08-12T14:27:10.956+05:30  INFO 23108 --- [attempt-analytics-service] [  restartedMain] com.netflix.discovery.DiscoveryClient    : Discovery Client initialized at timestamp 1786525030956 with initial instances count: 5
2026-08-12T14:27:10.958+05:30  INFO 23108 --- [attempt-analytics-service] [  restartedMain] o.s.c.n.e.s.EurekaServiceRegistry        : Registering application ATTEMPT-ANALYTICS-SERVICE with eureka with status UP
2026-08-12T14:27:10.958+05:30  INFO 23108 --- [attempt-analytics-service] [  restartedMain] com.netflix.discovery.DiscoveryClient    : Saw local status change event StatusChangeEvent [timestamp=1786525030958, current=UP, previous=STARTING]
2026-08-12T14:27:10.959+05:30  INFO 23108 --- [attempt-analytics-service] [foReplicator-%d] com.netflix.discovery.DiscoveryClient    : DiscoveryClient_ATTEMPT-ANALYTICS-SERVICE/DESKTOP-4K1TS8H.mshome.net:attempt-analytics-service:8083: registering service...
2026-08-12T14:27:10.967+05:30  INFO 23108 --- [attempt-analytics-service] [  restartedMain] o.s.b.w.embedded.tomcat.TomcatWebServer  : Tomcat started on port 8083 (http) with context path '/'
2026-08-12T14:27:10.968+05:30  INFO 23108 --- [attempt-analytics-service] [  restartedMain] .s.c.n.e.s.EurekaAutoServiceRegistration : Updating port to 8083
2026-08-12T14:27:10.980+05:30  INFO 23108 --- [attempt-analytics-service] [foReplicator-%d] com.netflix.discovery.DiscoveryClient    : DiscoveryClient_ATTEMPT-ANALYTICS-SERVICE/DESKTOP-4K1TS8H.mshome.net:attempt-analytics-service:8083 - registration status: 204
2026-08-12T14:27:10.988+05:30  INFO 23108 --- [attempt-analytics-service] [  restartedMain] c.s.AttemptAnalyticsApplication          : Started AttemptAnalyticsApplication in 1.536 seconds (process running for 3594.411)
2026-08-12T14:27:10.992+05:30  INFO 23108 --- [attempt-analytics-service] [  restartedMain] .ConditionEvaluationDeltaLoggingListener : Condition evaluation unchanged
2026-08-12T14:27:12.245+05:30  INFO 23108 --- [attempt-analytics-service] [   File Watcher] rtingClassPathChangeChangedEventListener : Restarting due to 16 class path changes (16 additions, 0 deletions, 0 modifications)
2026-08-12T14:27:12.247+05:30  INFO 23108 --- [attempt-analytics-service] [       Thread-7] o.s.c.n.e.s.EurekaServiceRegistry        : Unregistering application ATTEMPT-ANALYTICS-SERVICE with eureka with status DOWN
2026-08-12T14:27:12.247+05:30  INFO 23108 --- [attempt-analytics-service] [       Thread-7] com.netflix.discovery.DiscoveryClient    : Saw local status change event StatusChangeEvent [timestamp=1786525032247, current=DOWN, previous=UP]
2026-08-12T14:27:12.247+05:30  INFO 23108 --- [attempt-analytics-service] [foReplicator-%d] com.netflix.discovery.DiscoveryClient    : DiscoveryClient_ATTEMPT-ANALYTICS-SERVICE/DESKTOP-4K1TS8H.mshome.net:attempt-analytics-service:8083: registering service...
2026-08-12T14:27:12.252+05:30  INFO 23108 --- [attempt-analytics-service] [foReplicator-%d] com.netflix.discovery.DiscoveryClient    : DiscoveryClient_ATTEMPT-ANALYTICS-SERVICE/DESKTOP-4K1TS8H.mshome.net:attempt-analytics-service:8083 - registration status: 204
2026-08-12T14:27:12.269+05:30  INFO 23108 --- [attempt-analytics-service] [       Thread-7] com.netflix.discovery.DiscoveryClient    : Shutting down DiscoveryClient ...
2026-08-12T14:27:15.284+05:30  INFO 23108 --- [attempt-analytics-service] [       Thread-7] com.netflix.discovery.DiscoveryClient    : Unregistering ...
2026-08-12T14:27:15.303+05:30  INFO 23108 --- [attempt-analytics-service] [       Thread-7] com.netflix.discovery.DiscoveryClient    : DiscoveryClient_ATTEMPT-ANALYTICS-SERVICE/DESKTOP-4K1TS8H.mshome.net:attempt-analytics-service:8083 - deregister  status: 200
2026-08-12T14:27:15.303+05:30  INFO 23108 --- [attempt-analytics-service] [       Thread-7] com.netflix.discovery.DiscoveryClient    : Completed shut down of DiscoveryClient

  .   ____          _            __ _ _
 /\\ / ___'_ __ _ _(_)_ __  __ _ \ \ \ \
( ( )\___ | '_ | '_| | '_ \/ _` | \ \ \ \
 \\/  ___)| |_)| | | | | || (_| |  ) ) ) )
  '  |____| .__|_| |_|_| |_\__, | / / / /
 =========|_|==============|___/=/_/_/_/

 :: Spring Boot ::                (v3.3.2)

2026-08-12T14:27:15.477+05:30  INFO 23108 --- [attempt-analytics-service] [  restartedMain] c.s.AttemptAnalyticsApplication          : Starting AttemptAnalyticsApplication using Java 26.0.1 with PID 23108 (E:\SKILLTRACK\skilltrack-backend\attempt-analytics-service\target\classes started by Admin in E:\SKILLTRACK\skilltrack-backend\attempt-analytics-service)
2026-08-12T14:27:15.477+05:30  INFO 23108 --- [attempt-analytics-service] [  restartedMain] c.s.AttemptAnalyticsApplication          : No active profile set, falling back to 1 default profile: "default"
2026-08-12T14:27:15.880+05:30  INFO 23108 --- [attempt-analytics-service] [  restartedMain] .s.d.r.c.RepositoryConfigurationDelegate : Bootstrapping Spring Data MongoDB repositories in DEFAULT mode.
2026-08-12T14:27:15.884+05:30  INFO 23108 --- [attempt-analytics-service] [  restartedMain] .s.d.r.c.RepositoryConfigurationDelegate : Finished Spring Data repository scanning in 3 ms. Found 0 MongoDB repository interfaces.
2026-08-12T14:27:15.974+05:30  INFO 23108 --- [attempt-analytics-service] [  restartedMain] o.s.cloud.context.scope.GenericScope     : BeanFactory id=8c3b1bda-fece-3b55-b912-20c5ec29641a
2026-08-12T14:27:15.988+05:30  WARN 23108 --- [attempt-analytics-service] [  restartedMain] trationDelegate$BeanPostProcessorChecker : Bean 'org.springframework.cloud.client.loadbalancer.LoadBalancerAutoConfiguration$DeferringLoadBalancerInterceptorConfig' of type [org.springframework.cloud.client.loadbalancer.LoadBalancerAutoConfiguration$DeferringLoadBalancerInterceptorConfig] is not eligible for getting processed by all BeanPostProcessors (for example: not eligible for auto-proxying). The currently created BeanPostProcessor [lbRestClientPostProcessor] is declared through a non-static factory method on that class; consider declaring it as static instead.
2026-08-12T14:27:15.989+05:30  WARN 23108 --- [attempt-analytics-service] [  restartedMain] trationDelegate$BeanPostProcessorChecker : Bean 'deferringLoadBalancerInterceptor' of type [org.springframework.cloud.client.loadbalancer.DeferringLoadBalancerInterceptor] is not eligible for getting processed by all BeanPostProcessors (for example: not eligible for auto-proxying). Is this bean getting eagerly injected into a currently created BeanPostProcessor [lbRestClientPostProcessor]? Check the corresponding BeanPostProcessor declaration and its dependencies.
2026-08-12T14:27:16.065+05:30  INFO 23108 --- [attempt-analytics-service] [  restartedMain] o.s.b.w.embedded.tomcat.TomcatWebServer  : Tomcat initialized with port 8083 (http)
2026-08-12T14:27:16.065+05:30  INFO 23108 --- [attempt-analytics-service] [  restartedMain] o.apache.catalina.core.StandardService   : Starting service [Tomcat]
2026-08-12T14:27:16.065+05:30  INFO 23108 --- [attempt-analytics-service] [  restartedMain] o.apache.catalina.core.StandardEngine    : Starting Servlet engine: [Apache Tomcat/10.1.26]
2026-08-12T14:27:16.131+05:30  INFO 23108 --- [attempt-analytics-service] [  restartedMain] o.a.c.c.C.[Tomcat].[localhost].[/]       : Initializing Spring embedded WebApplicationContext
2026-08-12T14:27:16.131+05:30  INFO 23108 --- [attempt-analytics-service] [  restartedMain] w.s.c.ServletWebServerApplicationContext : Root WebApplicationContext: initialization completed in 651 ms
2026-08-12T14:27:16.161+05:30  INFO 23108 --- [attempt-analytics-service] [  restartedMain] org.mongodb.driver.client                : MongoClient with metadata {"driver": {"name": "mongo-java-driver|sync|spring-boot", "version": "5.0.1"}, "os": {"type": "Windows", "name": "Windows 11", "architecture": "amd64", "version": "10.0"}, "platform": "Java/Oracle Corporation/26.0.1+8-34"} created with settings MongoClientSettings{readPreference=primary, writeConcern=WriteConcern{w=null, wTimeout=null ms, journal=null}, retryWrites=true, retryReads=true, readConcern=ReadConcern{level=null}, credential=null, transportSettings=null, commandListeners=[], codecRegistry=ProvidersCodecRegistry{codecProviders=[ValueCodecProvider{}, BsonValueCodecProvider{}, DBRefCodecProvider{}, DBObjectCodecProvider{}, DocumentCodecProvider{}, CollectionCodecProvider{}, IterableCodecProvider{}, MapCodecProvider{}, GeoJsonCodecProvider{}, GridFSFileCodecProvider{}, Jsr310CodecProvider{}, JsonObjectCodecProvider{}, BsonCodecProvider{}, EnumCodecProvider{}, com.mongodb.client.model.mql.ExpressionCodecProvider@6f516892, com.mongodb.Jep395RecordCodecProvider@6eec9d94, com.mongodb.KotlinCodecProvider@2373a89b]}, loggerSettings=LoggerSettings{maxDocumentLength=1000}, clusterSettings={hosts=[localhost:27017], srvServiceName=mongodb, mode=SINGLE, requiredClusterType=UNKNOWN, requiredReplicaSetName='null', serverSelector='null', clusterListeners='[]', serverSelectionTimeout='30000 ms', localThreshold='15 ms'}, socketSettings=SocketSettings{connectTimeoutMS=10000, readTimeoutMS=0, receiveBufferSize=0, proxySettings=ProxySettings{host=null, port=null, username=null, password=null}}, heartbeatSocketSettings=SocketSettings{connectTimeoutMS=10000, readTimeoutMS=10000, receiveBufferSize=0, proxySettings=ProxySettings{host=null, port=null, username=null, password=null}}, connectionPoolSettings=ConnectionPoolSettings{maxSize=100, minSize=0, maxWaitTimeMS=120000, maxConnectionLifeTimeMS=0, maxConnectionIdleTimeMS=0, maintenanceInitialDelayMS=0, maintenanceFrequencyMS=60000, connectionPoolListeners=[], maxConnecting=2}, serverSettings=ServerSettings{heartbeatFrequencyMS=10000, minHeartbeatFrequencyMS=500, serverListeners='[]', serverMonitorListeners='[]'}, sslSettings=SslSettings{enabled=false, invalidHostNameAllowed=false, context=null}, applicationName='null', compressorList=[], uuidRepresentation=JAVA_LEGACY, serverApi=null, autoEncryptionSettings=null, dnsClient=null, inetAddressResolver=null, contextProvider=null}
2026-08-12T14:27:16.163+05:30  INFO 23108 --- [attempt-analytics-service] [localhost:27017] org.mongodb.driver.cluster               : Monitor thread successfully connected to server with description ServerDescription{address=localhost:27017, type=STANDALONE, state=CONNECTED, ok=true, minWireVersion=0, maxWireVersion=28, maxDocumentSize=16777216, logicalSessionTimeoutMinutes=30, roundTripTimeNanos=2045400}
2026-08-12T14:27:16.517+05:30  WARN 23108 --- [attempt-analytics-service] [  restartedMain] o.s.b.d.a.OptionalLiveReloadServer       : Unable to start LiveReload server
2026-08-12T14:27:16.579+05:30  INFO 23108 --- [attempt-analytics-service] [  restartedMain] DiscoveryClientOptionalArgsConfiguration : Eureka HTTP Client uses RestTemplate.
2026-08-12T14:27:16.595+05:30  WARN 23108 --- [attempt-analytics-service] [  restartedMain] iguration$LoadBalancerCaffeineWarnLogger : Spring Cloud LoadBalancer is currently working with the default cache. While this cache implementation is useful for development and tests, it's recommended to use Caffeine cache in production.You can switch to using Caffeine cache, by adding it and org.springframework.cache.caffeine.CaffeineCacheManager to the classpath.
2026-08-12T14:27:16.608+05:30  INFO 23108 --- [attempt-analytics-service] [  restartedMain] o.s.c.n.eureka.InstanceInfoFactory       : Setting initial instance status as: STARTING
2026-08-12T14:27:16.610+05:30  INFO 23108 --- [attempt-analytics-service] [  restartedMain] com.netflix.discovery.DiscoveryClient    : Initializing Eureka in region us-east-1
2026-08-12T14:27:16.611+05:30  INFO 23108 --- [attempt-analytics-service] [  restartedMain] c.n.d.s.r.aws.ConfigClusterResolver      : Resolving eureka endpoints via configuration
2026-08-12T14:27:16.611+05:30  INFO 23108 --- [attempt-analytics-service] [  restartedMain] com.netflix.discovery.DiscoveryClient    : Disable delta property : false
2026-08-12T14:27:16.611+05:30  INFO 23108 --- [attempt-analytics-service] [  restartedMain] com.netflix.discovery.DiscoveryClient    : Single vip registry refresh property : null
2026-08-12T14:27:16.611+05:30  INFO 23108 --- [attempt-analytics-service] [  restartedMain] com.netflix.discovery.DiscoveryClient    : Force full registry fetch : false
2026-08-12T14:27:16.611+05:30  INFO 23108 --- [attempt-analytics-service] [  restartedMain] com.netflix.discovery.DiscoveryClient    : Application is null : false
2026-08-12T14:27:16.611+05:30  INFO 23108 --- [attempt-analytics-service] [  restartedMain] com.netflix.discovery.DiscoveryClient    : Registered Applications size is zero : true
2026-08-12T14:27:16.612+05:30  INFO 23108 --- [attempt-analytics-service] [  restartedMain] com.netflix.discovery.DiscoveryClient    : Application version is -1: true
2026-08-12T14:27:16.612+05:30  INFO 23108 --- [attempt-analytics-service] [  restartedMain] com.netflix.discovery.DiscoveryClient    : Getting all instance registry info from the eureka server
2026-08-12T14:27:16.646+05:30  INFO 23108 --- [attempt-analytics-service] [  restartedMain] com.netflix.discovery.DiscoveryClient    : The response status is 200
2026-08-12T14:27:16.647+05:30  INFO 23108 --- [attempt-analytics-service] [  restartedMain] com.netflix.discovery.DiscoveryClient    : Starting heartbeat executor: renew interval is: 30
2026-08-12T14:27:16.648+05:30  INFO 23108 --- [attempt-analytics-service] [  restartedMain] c.n.discovery.InstanceInfoReplicator     : InstanceInfoReplicator onDemand update allowed rate per min is 4
2026-08-12T14:27:16.648+05:30  INFO 23108 --- [attempt-analytics-service] [  restartedMain] com.netflix.discovery.DiscoveryClient    : Discovery Client initialized at timestamp 1786525036648 with initial instances count: 5
2026-08-12T14:27:16.649+05:30  INFO 23108 --- [attempt-analytics-service] [  restartedMain] o.s.c.n.e.s.EurekaServiceRegistry        : Registering application ATTEMPT-ANALYTICS-SERVICE with eureka with status UP
2026-08-12T14:27:16.649+05:30  INFO 23108 --- [attempt-analytics-service] [  restartedMain] com.netflix.discovery.DiscoveryClient    : Saw local status change event StatusChangeEvent [timestamp=1786525036649, current=UP, previous=STARTING]
2026-08-12T14:27:16.650+05:30  INFO 23108 --- [attempt-analytics-service] [foReplicator-%d] com.netflix.discovery.DiscoveryClient    : DiscoveryClient_ATTEMPT-ANALYTICS-SERVICE/DESKTOP-4K1TS8H.mshome.net:attempt-analytics-service:8083: registering service...
2026-08-12T14:27:16.657+05:30  INFO 23108 --- [attempt-analytics-service] [  restartedMain] o.s.b.w.embedded.tomcat.TomcatWebServer  : Tomcat started on port 8083 (http) with context path '/'
2026-08-12T14:27:16.658+05:30  INFO 23108 --- [attempt-analytics-service] [  restartedMain] .s.c.n.e.s.EurekaAutoServiceRegistration : Updating port to 8083
2026-08-12T14:27:16.666+05:30  INFO 23108 --- [attempt-analytics-service] [foReplicator-%d] com.netflix.discovery.DiscoveryClient    : DiscoveryClient_ATTEMPT-ANALYTICS-SERVICE/DESKTOP-4K1TS8H.mshome.net:attempt-analytics-service:8083 - registration status: 204
2026-08-12T14:27:16.675+05:30  INFO 23108 --- [attempt-analytics-service] [  restartedMain] c.s.AttemptAnalyticsApplication          : Started AttemptAnalyticsApplication in 1.263 seconds (process running for 3600.097)
2026-08-12T14:27:16.677+05:30  INFO 23108 --- [attempt-analytics-service] [  restartedMain] .ConditionEvaluationDeltaLoggingListener : Condition evaluation unchanged
2026-08-12T14:27:50.329+05:30  INFO 23108 --- [attempt-analytics-service] [nio-8083-exec-1] o.a.c.c.C.[Tomcat].[localhost].[/]       : Initializing Spring DispatcherServlet 'dispatcherServlet'
2026-08-12T14:27:50.329+05:30  INFO 23108 --- [attempt-analytics-service] [nio-8083-exec-1] o.s.web.servlet.DispatcherServlet        : Initializing Servlet 'dispatcherServlet'
2026-08-12T14:27:50.334+05:30  INFO 23108 --- [attempt-analytics-service] [nio-8083-exec-1] o.s.web.servlet.DispatcherServlet        : Completed initialization in 4 ms
2026-08-12T14:27:52.718+05:30 ERROR 23108 --- [attempt-analytics-service] [nio-8083-exec-2] c.s.api.config.GlobalExceptionHandler    : Unhandled: 

org.springframework.web.HttpRequestMethodNotSupportedException: Request method 'DELETE' is not supported
	at org.springframework.web.servlet.mvc.method.RequestMappingInfoHandlerMapping.handleNoMatch(RequestMappingInfoHandlerMapping.java:267) ~[spring-webmvc-6.1.11.jar:6.1.11]
	at org.springframework.web.servlet.handler.AbstractHandlerMethodMapping.lookupHandlerMethod(AbstractHandlerMethodMapping.java:441) ~[spring-webmvc-6.1.11.jar:6.1.11]
	at org.springframework.web.servlet.handler.AbstractHandlerMethodMapping.getHandlerInternal(AbstractHandlerMethodMapping.java:382) ~[spring-webmvc-6.1.11.jar:6.1.11]
	at org.springframework.web.servlet.mvc.method.RequestMappingInfoHandlerMapping.getHandlerInternal(RequestMappingInfoHandlerMapping.java:127) ~[spring-webmvc-6.1.11.jar:6.1.11]
	at org.springframework.web.servlet.mvc.method.RequestMappingInfoHandlerMapping.getHandlerInternal(RequestMappingInfoHandlerMapping.java:68) ~[spring-webmvc-6.1.11.jar:6.1.11]
	at org.springframework.web.servlet.handler.AbstractHandlerMapping.getHandler(AbstractHandlerMapping.java:507) ~[spring-webmvc-6.1.11.jar:6.1.11]
	at org.springframework.web.servlet.DispatcherServlet.getHandler(DispatcherServlet.java:1283) ~[spring-webmvc-6.1.11.jar:6.1.11]
	at org.springframework.web.servlet.DispatcherServlet.doDispatch(DispatcherServlet.java:1065) ~[spring-webmvc-6.1.11.jar:6.1.11]
	at org.springframework.web.servlet.DispatcherServlet.doService(DispatcherServlet.java:979) ~[spring-webmvc-6.1.11.jar:6.1.11]
	at org.springframework.web.servlet.FrameworkServlet.processRequest(FrameworkServlet.java:1014) ~[spring-webmvc-6.1.11.jar:6.1.11]
	at org.springframework.web.servlet.FrameworkServlet.doDelete(FrameworkServlet.java:936) ~[spring-webmvc-6.1.11.jar:6.1.11]
	at jakarta.servlet.http.HttpServlet.service(HttpServlet.java:596) ~[tomcat-embed-core-10.1.26.jar:10.1.26]
	at org.springframework.web.servlet.FrameworkServlet.service(FrameworkServlet.java:885) ~[spring-webmvc-6.1.11.jar:6.1.11]
	at jakarta.servlet.http.HttpServlet.service(HttpServlet.java:658) ~[tomcat-embed-core-10.1.26.jar:10.1.26]
	at org.apache.catalina.core.ApplicationFilterChain.internalDoFilter(ApplicationFilterChain.java:195) ~[tomcat-embed-core-10.1.26.jar:10.1.26]
	at org.apache.catalina.core.ApplicationFilterChain.doFilter(ApplicationFilterChain.java:140) ~[tomcat-embed-core-10.1.26.jar:10.1.26]
	at org.apache.tomcat.websocket.server.WsFilter.doFilter(WsFilter.java:51) ~[tomcat-embed-websocket-10.1.26.jar:10.1.26]
	at org.apache.catalina.core.ApplicationFilterChain.internalDoFilter(ApplicationFilterChain.java:164) ~[tomcat-embed-core-10.1.26.jar:10.1.26]
	at org.apache.catalina.core.ApplicationFilterChain.doFilter(ApplicationFilterChain.java:140) ~[tomcat-embed-core-10.1.26.jar:10.1.26]
	at org.springframework.web.filter.RequestContextFilter.doFilterInternal(RequestContextFilter.java:100) ~[spring-web-6.1.11.jar:6.1.11]
	at org.springframework.web.filter.OncePerRequestFilter.doFilter(OncePerRequestFilter.java:116) ~[spring-web-6.1.11.jar:6.1.11]
	at org.apache.catalina.core.ApplicationFilterChain.internalDoFilter(ApplicationFilterChain.java:164) ~[tomcat-embed-core-10.1.26.jar:10.1.26]
	at org.apache.catalina.core.ApplicationFilterChain.doFilter(ApplicationFilterChain.java:140) ~[tomcat-embed-core-10.1.26.jar:10.1.26]
	at org.springframework.web.filter.FormContentFilter.doFilterInternal(FormContentFilter.java:93) ~[spring-web-6.1.11.jar:6.1.11]
	at org.springframework.web.filter.OncePerRequestFilter.doFilter(OncePerRequestFilter.java:116) ~[spring-web-6.1.11.jar:6.1.11]
	at org.apache.catalina.core.ApplicationFilterChain.internalDoFilter(ApplicationFilterChain.java:164) ~[tomcat-embed-core-10.1.26.jar:10.1.26]
	at org.apache.catalina.core.ApplicationFilterChain.doFilter(ApplicationFilterChain.java:140) ~[tomcat-embed-core-10.1.26.jar:10.1.26]
	at org.springframework.web.filter.CharacterEncodingFilter.doFilterInternal(CharacterEncodingFilter.java:201) ~[spring-web-6.1.11.jar:6.1.11]
	at org.springframework.web.filter.OncePerRequestFilter.doFilter(OncePerRequestFilter.java:116) ~[spring-web-6.1.11.jar:6.1.11]
	at org.apache.catalina.core.ApplicationFilterChain.internalDoFilter(ApplicationFilterChain.java:164) ~[tomcat-embed-core-10.1.26.jar:10.1.26]
	at org.apache.catalina.core.ApplicationFilterChain.doFilter(ApplicationFilterChain.java:140) ~[tomcat-embed-core-10.1.26.jar:10.1.26]
	at org.apache.catalina.core.StandardWrapperValve.invoke(StandardWrapperValve.java:167) ~[tomcat-embed-core-10.1.26.jar:10.1.26]
	at org.apache.catalina.core.StandardContextValve.invoke(StandardContextValve.java:90) ~[tomcat-embed-core-10.1.26.jar:10.1.26]
	at org.apache.catalina.authenticator.AuthenticatorBase.invoke(AuthenticatorBase.java:483) ~[tomcat-embed-core-10.1.26.jar:10.1.26]
	at org.apache.catalina.core.StandardHostValve.invoke(StandardHostValve.java:115) ~[tomcat-embed-core-10.1.26.jar:10.1.26]
	at org.apache.catalina.valves.ErrorReportValve.invoke(ErrorReportValve.java:93) ~[tomcat-embed-core-10.1.26.jar:10.1.26]
	at org.apache.catalina.core.StandardEngineValve.invoke(StandardEngineValve.java:74) ~[tomcat-embed-core-10.1.26.jar:10.1.26]
	at org.apache.catalina.connector.CoyoteAdapter.service(CoyoteAdapter.java:344) ~[tomcat-embed-core-10.1.26.jar:10.1.26]
	at org.apache.coyote.http11.Http11Processor.service(Http11Processor.java:389) ~[tomcat-embed-core-10.1.26.jar:10.1.26]
	at org.apache.coyote.AbstractProcessorLight.process(AbstractProcessorLight.java:63) ~[tomcat-embed-core-10.1.26.jar:10.1.26]
	at org.apache.coyote.AbstractProtocol$ConnectionHandler.process(AbstractProtocol.java:904) ~[tomcat-embed-core-10.1.26.jar:10.1.26]
	at org.apache.tomcat.util.net.NioEndpoint$SocketProcessor.doRun(NioEndpoint.java:1741) ~[tomcat-embed-core-10.1.26.jar:10.1.26]
	at org.apache.tomcat.util.net.SocketProcessorBase.run(SocketProcessorBase.java:52) ~[tomcat-embed-core-10.1.26.jar:10.1.26]
	at org.apache.tomcat.util.threads.ThreadPoolExecutor.runWorker(ThreadPoolExecutor.java:1190) ~[tomcat-embed-core-10.1.26.jar:10.1.26]
	at org.apache.tomcat.util.threads.ThreadPoolExecutor$Worker.run(ThreadPoolExecutor.java:659) ~[tomcat-embed-core-10.1.26.jar:10.1.26]
	at org.apache.tomcat.util.threads.TaskThread$WrappingRunnable.run(TaskThread.java:63) ~[tomcat-embed-core-10.1.26.jar:10.1.26]
	at java.base/java.lang.Thread.run(Thread.java:1516) ~[na:na]

2026-08-12T14:27:52.732+05:30  WARN 23108 --- [attempt-analytics-service] [nio-8083-exec-2] .m.m.a.ExceptionHandlerExceptionResolver : Resolved [org.springframework.web.HttpRequestMethodNotSupportedException: Request method 'DELETE' is not supported]
2026-08-12T14:29:14.281+05:30 ERROR 23108 --- [attempt-analytics-service] [nio-8083-exec-7] c.s.api.config.GlobalExceptionHandler    : Unhandled: 

org.springframework.web.HttpRequestMethodNotSupportedException: Request method 'DELETE' is not supported
	at org.springframework.web.servlet.mvc.method.RequestMappingInfoHandlerMapping.handleNoMatch(RequestMappingInfoHandlerMapping.java:267) ~[spring-webmvc-6.1.11.jar:6.1.11]
	at org.springframework.web.servlet.handler.AbstractHandlerMethodMapping.lookupHandlerMethod(AbstractHandlerMethodMapping.java:441) ~[spring-webmvc-6.1.11.jar:6.1.11]
	at org.springframework.web.servlet.handler.AbstractHandlerMethodMapping.getHandlerInternal(AbstractHandlerMethodMapping.java:382) ~[spring-webmvc-6.1.11.jar:6.1.11]
	at org.springframework.web.servlet.mvc.method.RequestMappingInfoHandlerMapping.getHandlerInternal(RequestMappingInfoHandlerMapping.java:127) ~[spring-webmvc-6.1.11.jar:6.1.11]
	at org.springframework.web.servlet.mvc.method.RequestMappingInfoHandlerMapping.getHandlerInternal(RequestMappingInfoHandlerMapping.java:68) ~[spring-webmvc-6.1.11.jar:6.1.11]
	at org.springframework.web.servlet.handler.AbstractHandlerMapping.getHandler(AbstractHandlerMapping.java:507) ~[spring-webmvc-6.1.11.jar:6.1.11]
	at org.springframework.web.servlet.DispatcherServlet.getHandler(DispatcherServlet.java:1283) ~[spring-webmvc-6.1.11.jar:6.1.11]
	at org.springframework.web.servlet.DispatcherServlet.doDispatch(DispatcherServlet.java:1065) ~[spring-webmvc-6.1.11.jar:6.1.11]
	at org.springframework.web.servlet.DispatcherServlet.doService(DispatcherServlet.java:979) ~[spring-webmvc-6.1.11.jar:6.1.11]
	at org.springframework.web.servlet.FrameworkServlet.processRequest(FrameworkServlet.java:1014) ~[spring-webmvc-6.1.11.jar:6.1.11]
	at org.springframework.web.servlet.FrameworkServlet.doDelete(FrameworkServlet.java:936) ~[spring-webmvc-6.1.11.jar:6.1.11]
	at jakarta.servlet.http.HttpServlet.service(HttpServlet.java:596) ~[tomcat-embed-core-10.1.26.jar:10.1.26]
	at org.springframework.web.servlet.FrameworkServlet.service(FrameworkServlet.java:885) ~[spring-webmvc-6.1.11.jar:6.1.11]
	at jakarta.servlet.http.HttpServlet.service(HttpServlet.java:658) ~[tomcat-embed-core-10.1.26.jar:10.1.26]
	at org.apache.catalina.core.ApplicationFilterChain.internalDoFilter(ApplicationFilterChain.java:195) ~[tomcat-embed-core-10.1.26.jar:10.1.26]
	at org.apache.catalina.core.ApplicationFilterChain.doFilter(ApplicationFilterChain.java:140) ~[tomcat-embed-core-10.1.26.jar:10.1.26]
	at org.apache.tomcat.websocket.server.WsFilter.doFilter(WsFilter.java:51) ~[tomcat-embed-websocket-10.1.26.jar:10.1.26]
	at org.apache.catalina.core.ApplicationFilterChain.internalDoFilter(ApplicationFilterChain.java:164) ~[tomcat-embed-core-10.1.26.jar:10.1.26]
	at org.apache.catalina.core.ApplicationFilterChain.doFilter(ApplicationFilterChain.java:140) ~[tomcat-embed-core-10.1.26.jar:10.1.26]
	at org.springframework.web.filter.RequestContextFilter.doFilterInternal(RequestContextFilter.java:100) ~[spring-web-6.1.11.jar:6.1.11]
	at org.springframework.web.filter.OncePerRequestFilter.doFilter(OncePerRequestFilter.java:116) ~[spring-web-6.1.11.jar:6.1.11]
	at org.apache.catalina.core.ApplicationFilterChain.internalDoFilter(ApplicationFilterChain.java:164) ~[tomcat-embed-core-10.1.26.jar:10.1.26]
	at org.apache.catalina.core.ApplicationFilterChain.doFilter(ApplicationFilterChain.java:140) ~[tomcat-embed-core-10.1.26.jar:10.1.26]
	at org.springframework.web.filter.FormContentFilter.doFilterInternal(FormContentFilter.java:93) ~[spring-web-6.1.11.jar:6.1.11]
	at org.springframework.web.filter.OncePerRequestFilter.doFilter(OncePerRequestFilter.java:116) ~[spring-web-6.1.11.jar:6.1.11]
	at org.apache.catalina.core.ApplicationFilterChain.internalDoFilter(ApplicationFilterChain.java:164) ~[tomcat-embed-core-10.1.26.jar:10.1.26]
	at org.apache.catalina.core.ApplicationFilterChain.doFilter(ApplicationFilterChain.java:140) ~[tomcat-embed-core-10.1.26.jar:10.1.26]
	at org.springframework.web.filter.CharacterEncodingFilter.doFilterInternal(CharacterEncodingFilter.java:201) ~[spring-web-6.1.11.jar:6.1.11]
	at org.springframework.web.filter.OncePerRequestFilter.doFilter(OncePerRequestFilter.java:116) ~[spring-web-6.1.11.jar:6.1.11]
	at org.apache.catalina.core.ApplicationFilterChain.internalDoFilter(ApplicationFilterChain.java:164) ~[tomcat-embed-core-10.1.26.jar:10.1.26]
	at org.apache.catalina.core.ApplicationFilterChain.doFilter(ApplicationFilterChain.java:140) ~[tomcat-embed-core-10.1.26.jar:10.1.26]
	at org.apache.catalina.core.StandardWrapperValve.invoke(StandardWrapperValve.java:167) ~[tomcat-embed-core-10.1.26.jar:10.1.26]
	at org.apache.catalina.core.StandardContextValve.invoke(StandardContextValve.java:90) ~[tomcat-embed-core-10.1.26.jar:10.1.26]
	at org.apache.catalina.authenticator.AuthenticatorBase.invoke(AuthenticatorBase.java:483) ~[tomcat-embed-core-10.1.26.jar:10.1.26]
	at org.apache.catalina.core.StandardHostValve.invoke(StandardHostValve.java:115) ~[tomcat-embed-core-10.1.26.jar:10.1.26]
	at org.apache.catalina.valves.ErrorReportValve.invoke(ErrorReportValve.java:93) ~[tomcat-embed-core-10.1.26.jar:10.1.26]
	at org.apache.catalina.core.StandardEngineValve.invoke(StandardEngineValve.java:74) ~[tomcat-embed-core-10.1.26.jar:10.1.26]
	at org.apache.catalina.connector.CoyoteAdapter.service(CoyoteAdapter.java:344) ~[tomcat-embed-core-10.1.26.jar:10.1.26]
	at org.apache.coyote.http11.Http11Processor.service(Http11Processor.java:389) ~[tomcat-embed-core-10.1.26.jar:10.1.26]
	at org.apache.coyote.AbstractProcessorLight.process(AbstractProcessorLight.java:63) ~[tomcat-embed-core-10.1.26.jar:10.1.26]
	at org.apache.coyote.AbstractProtocol$ConnectionHandler.process(AbstractProtocol.java:904) ~[tomcat-embed-core-10.1.26.jar:10.1.26]
	at org.apache.tomcat.util.net.NioEndpoint$SocketProcessor.doRun(NioEndpoint.java:1741) ~[tomcat-embed-core-10.1.26.jar:10.1.26]
	at org.apache.tomcat.util.net.SocketProcessorBase.run(SocketProcessorBase.java:52) ~[tomcat-embed-core-10.1.26.jar:10.1.26]
	at org.apache.tomcat.util.threads.ThreadPoolExecutor.runWorker(ThreadPoolExecutor.java:1190) ~[tomcat-embed-core-10.1.26.jar:10.1.26]
	at org.apache.tomcat.util.threads.ThreadPoolExecutor$Worker.run(ThreadPoolExecutor.java:659) ~[tomcat-embed-core-10.1.26.jar:10.1.26]
	at org.apache.tomcat.util.threads.TaskThread$WrappingRunnable.run(TaskThread.java:63) ~[tomcat-embed-core-10.1.26.jar:10.1.26]
	at java.base/java.lang.Thread.run(Thread.java:1516) ~[na:na]

2026-08-12T14:29:14.284+05:30  WARN 23108 --- [attempt-analytics-service] [nio-8083-exec-7] .m.m.a.ExceptionHandlerExceptionResolver : Resolved [org.springframework.web.HttpRequestMethodNotSupportedException: Request method 'DELETE' is not supported]
2026-08-12T14:31:02.028+05:30  INFO 23108 --- [attempt-analytics-service] [   File Watcher] rtingClassPathChangeChangedEventListener : Restarting due to 16 class path changes (0 additions, 16 deletions, 0 modifications)
2026-08-12T14:31:02.029+05:30  INFO 23108 --- [attempt-analytics-service] [      Thread-13] o.s.c.n.e.s.EurekaServiceRegistry        : Unregistering application ATTEMPT-ANALYTICS-SERVICE with eureka with status DOWN
2026-08-12T14:31:02.030+05:30  INFO 23108 --- [attempt-analytics-service] [      Thread-13] com.netflix.discovery.DiscoveryClient    : Saw local status change event StatusChangeEvent [timestamp=1786525262030, current=DOWN, previous=UP]
2026-08-12T14:31:02.030+05:30  INFO 23108 --- [attempt-analytics-service] [foReplicator-%d] com.netflix.discovery.DiscoveryClient    : DiscoveryClient_ATTEMPT-ANALYTICS-SERVICE/DESKTOP-4K1TS8H.mshome.net:attempt-analytics-service:8083: registering service...
2026-08-12T14:31:02.047+05:30  INFO 23108 --- [attempt-analytics-service] [foReplicator-%d] com.netflix.discovery.DiscoveryClient    : DiscoveryClient_ATTEMPT-ANALYTICS-SERVICE/DESKTOP-4K1TS8H.mshome.net:attempt-analytics-service:8083 - registration status: 204
2026-08-12T14:31:02.064+05:30  INFO 23108 --- [attempt-analytics-service] [      Thread-13] com.netflix.discovery.DiscoveryClient    : Shutting down DiscoveryClient ...
2026-08-12T14:31:05.076+05:30  INFO 23108 --- [attempt-analytics-service] [      Thread-13] com.netflix.discovery.DiscoveryClient    : Unregistering ...
2026-08-12T14:31:05.094+05:30  INFO 23108 --- [attempt-analytics-service] [      Thread-13] com.netflix.discovery.DiscoveryClient    : DiscoveryClient_ATTEMPT-ANALYTICS-SERVICE/DESKTOP-4K1TS8H.mshome.net:attempt-analytics-service:8083 - deregister  status: 200
2026-08-12T14:31:05.094+05:30  INFO 23108 --- [attempt-analytics-service] [      Thread-13] com.netflix.discovery.DiscoveryClient    : Completed shut down of DiscoveryClient

  .   ____          _            __ _ _
 /\\ / ___'_ __ _ _(_)_ __  __ _ \ \ \ \
( ( )\___ | '_ | '_| | '_ \/ _` | \ \ \ \
 \\/  ___)| |_)| | | | | || (_| |  ) ) ) )
  '  |____| .__|_| |_|_| |_\__, | / / / /
 =========|_|==============|___/=/_/_/_/

 :: Spring Boot ::                (v3.3.2)

2026-08-12T14:31:05.238+05:30  INFO 23108 --- [attempt-analytics-service] [  restartedMain] c.s.AttemptAnalyticsApplication          : Starting AttemptAnalyticsApplication using Java 26.0.1 with PID 23108 (E:\SKILLTRACK\skilltrack-backend\attempt-analytics-service\target\classes started by Admin in E:\SKILLTRACK\skilltrack-backend\attempt-analytics-service)
2026-08-12T14:31:05.238+05:30  INFO 23108 --- [attempt-analytics-service] [  restartedMain] c.s.AttemptAnalyticsApplication          : No active profile set, falling back to 1 default profile: "default"
2026-08-12T14:31:05.571+05:30  INFO 23108 --- [attempt-analytics-service] [  restartedMain] .s.d.r.c.RepositoryConfigurationDelegate : Bootstrapping Spring Data MongoDB repositories in DEFAULT mode.
2026-08-12T14:31:05.574+05:30  INFO 23108 --- [attempt-analytics-service] [  restartedMain] .s.d.r.c.RepositoryConfigurationDelegate : Finished Spring Data repository scanning in 3 ms. Found 0 MongoDB repository interfaces.
2026-08-12T14:31:05.659+05:30  INFO 23108 --- [attempt-analytics-service] [  restartedMain] o.s.cloud.context.scope.GenericScope     : BeanFactory id=8c3b1bda-fece-3b55-b912-20c5ec29641a
2026-08-12T14:31:05.672+05:30  WARN 23108 --- [attempt-analytics-service] [  restartedMain] trationDelegate$BeanPostProcessorChecker : Bean 'org.springframework.cloud.client.loadbalancer.LoadBalancerAutoConfiguration$DeferringLoadBalancerInterceptorConfig' of type [org.springframework.cloud.client.loadbalancer.LoadBalancerAutoConfiguration$DeferringLoadBalancerInterceptorConfig] is not eligible for getting processed by all BeanPostProcessors (for example: not eligible for auto-proxying). The currently created BeanPostProcessor [lbRestClientPostProcessor] is declared through a non-static factory method on that class; consider declaring it as static instead.
2026-08-12T14:31:05.672+05:30  WARN 23108 --- [attempt-analytics-service] [  restartedMain] trationDelegate$BeanPostProcessorChecker : Bean 'deferringLoadBalancerInterceptor' of type [org.springframework.cloud.client.loadbalancer.DeferringLoadBalancerInterceptor] is not eligible for getting processed by all BeanPostProcessors (for example: not eligible for auto-proxying). Is this bean getting eagerly injected into a currently created BeanPostProcessor [lbRestClientPostProcessor]? Check the corresponding BeanPostProcessor declaration and its dependencies.
2026-08-12T14:31:05.743+05:30  INFO 23108 --- [attempt-analytics-service] [  restartedMain] o.s.b.w.embedded.tomcat.TomcatWebServer  : Tomcat initialized with port 8083 (http)
2026-08-12T14:31:05.744+05:30  INFO 23108 --- [attempt-analytics-service] [  restartedMain] o.apache.catalina.core.StandardService   : Starting service [Tomcat]
2026-08-12T14:31:05.744+05:30  INFO 23108 --- [attempt-analytics-service] [  restartedMain] o.apache.catalina.core.StandardEngine    : Starting Servlet engine: [Apache Tomcat/10.1.26]
2026-08-12T14:31:05.811+05:30  INFO 23108 --- [attempt-analytics-service] [  restartedMain] o.a.c.c.C.[Tomcat].[localhost].[/]       : Initializing Spring embedded WebApplicationContext
2026-08-12T14:31:05.811+05:30  INFO 23108 --- [attempt-analytics-service] [  restartedMain] w.s.c.ServletWebServerApplicationContext : Root WebApplicationContext: initialization completed in 570 ms
2026-08-12T14:31:05.838+05:30  INFO 23108 --- [attempt-analytics-service] [  restartedMain] org.mongodb.driver.client                : MongoClient with metadata {"driver": {"name": "mongo-java-driver|sync|spring-boot", "version": "5.0.1"}, "os": {"type": "Windows", "name": "Windows 11", "architecture": "amd64", "version": "10.0"}, "platform": "Java/Oracle Corporation/26.0.1+8-34"} created with settings MongoClientSettings{readPreference=primary, writeConcern=WriteConcern{w=null, wTimeout=null ms, journal=null}, retryWrites=true, retryReads=true, readConcern=ReadConcern{level=null}, credential=null, transportSettings=null, commandListeners=[], codecRegistry=ProvidersCodecRegistry{codecProviders=[ValueCodecProvider{}, BsonValueCodecProvider{}, DBRefCodecProvider{}, DBObjectCodecProvider{}, DocumentCodecProvider{}, CollectionCodecProvider{}, IterableCodecProvider{}, MapCodecProvider{}, GeoJsonCodecProvider{}, GridFSFileCodecProvider{}, Jsr310CodecProvider{}, JsonObjectCodecProvider{}, BsonCodecProvider{}, EnumCodecProvider{}, com.mongodb.client.model.mql.ExpressionCodecProvider@6f516892, com.mongodb.Jep395RecordCodecProvider@6eec9d94, com.mongodb.KotlinCodecProvider@2373a89b]}, loggerSettings=LoggerSettings{maxDocumentLength=1000}, clusterSettings={hosts=[localhost:27017], srvServiceName=mongodb, mode=SINGLE, requiredClusterType=UNKNOWN, requiredReplicaSetName='null', serverSelector='null', clusterListeners='[]', serverSelectionTimeout='30000 ms', localThreshold='15 ms'}, socketSettings=SocketSettings{connectTimeoutMS=10000, readTimeoutMS=0, receiveBufferSize=0, proxySettings=ProxySettings{host=null, port=null, username=null, password=null}}, heartbeatSocketSettings=SocketSettings{connectTimeoutMS=10000, readTimeoutMS=10000, receiveBufferSize=0, proxySettings=ProxySettings{host=null, port=null, username=null, password=null}}, connectionPoolSettings=ConnectionPoolSettings{maxSize=100, minSize=0, maxWaitTimeMS=120000, maxConnectionLifeTimeMS=0, maxConnectionIdleTimeMS=0, maintenanceInitialDelayMS=0, maintenanceFrequencyMS=60000, connectionPoolListeners=[], maxConnecting=2}, serverSettings=ServerSettings{heartbeatFrequencyMS=10000, minHeartbeatFrequencyMS=500, serverListeners='[]', serverMonitorListeners='[]'}, sslSettings=SslSettings{enabled=false, invalidHostNameAllowed=false, context=null}, applicationName='null', compressorList=[], uuidRepresentation=JAVA_LEGACY, serverApi=null, autoEncryptionSettings=null, dnsClient=null, inetAddressResolver=null, contextProvider=null}
2026-08-12T14:31:05.841+05:30  INFO 23108 --- [attempt-analytics-service] [localhost:27017] org.mongodb.driver.cluster               : Monitor thread successfully connected to server with description ServerDescription{address=localhost:27017, type=STANDALONE, state=CONNECTED, ok=true, minWireVersion=0, maxWireVersion=28, maxDocumentSize=16777216, logicalSessionTimeoutMinutes=30, roundTripTimeNanos=2043000}
2026-08-12T14:31:06.109+05:30  WARN 23108 --- [attempt-analytics-service] [  restartedMain] o.s.b.d.a.OptionalLiveReloadServer       : Unable to start LiveReload server
2026-08-12T14:31:06.172+05:30  INFO 23108 --- [attempt-analytics-service] [  restartedMain] DiscoveryClientOptionalArgsConfiguration : Eureka HTTP Client uses RestTemplate.
2026-08-12T14:31:06.190+05:30  WARN 23108 --- [attempt-analytics-service] [  restartedMain] iguration$LoadBalancerCaffeineWarnLogger : Spring Cloud LoadBalancer is currently working with the default cache. While this cache implementation is useful for development and tests, it's recommended to use Caffeine cache in production.You can switch to using Caffeine cache, by adding it and org.springframework.cache.caffeine.CaffeineCacheManager to the classpath.
2026-08-12T14:31:06.202+05:30  INFO 23108 --- [attempt-analytics-service] [  restartedMain] o.s.c.n.eureka.InstanceInfoFactory       : Setting initial instance status as: STARTING
2026-08-12T14:31:06.204+05:30  INFO 23108 --- [attempt-analytics-service] [  restartedMain] com.netflix.discovery.DiscoveryClient    : Initializing Eureka in region us-east-1
2026-08-12T14:31:06.204+05:30  INFO 23108 --- [attempt-analytics-service] [  restartedMain] c.n.d.s.r.aws.ConfigClusterResolver      : Resolving eureka endpoints via configuration
2026-08-12T14:31:06.205+05:30  INFO 23108 --- [attempt-analytics-service] [  restartedMain] com.netflix.discovery.DiscoveryClient    : Disable delta property : false
2026-08-12T14:31:06.205+05:30  INFO 23108 --- [attempt-analytics-service] [  restartedMain] com.netflix.discovery.DiscoveryClient    : Single vip registry refresh property : null
2026-08-12T14:31:06.205+05:30  INFO 23108 --- [attempt-analytics-service] [  restartedMain] com.netflix.discovery.DiscoveryClient    : Force full registry fetch : false
2026-08-12T14:31:06.205+05:30  INFO 23108 --- [attempt-analytics-service] [  restartedMain] com.netflix.discovery.DiscoveryClient    : Application is null : false
2026-08-12T14:31:06.205+05:30  INFO 23108 --- [attempt-analytics-service] [  restartedMain] com.netflix.discovery.DiscoveryClient    : Registered Applications size is zero : true
2026-08-12T14:31:06.205+05:30  INFO 23108 --- [attempt-analytics-service] [  restartedMain] com.netflix.discovery.DiscoveryClient    : Application version is -1: true
2026-08-12T14:31:06.205+05:30  INFO 23108 --- [attempt-analytics-service] [  restartedMain] com.netflix.discovery.DiscoveryClient    : Getting all instance registry info from the eureka server
2026-08-12T14:31:06.250+05:30  INFO 23108 --- [attempt-analytics-service] [  restartedMain] com.netflix.discovery.DiscoveryClient    : The response status is 200
2026-08-12T14:31:06.251+05:30  INFO 23108 --- [attempt-analytics-service] [  restartedMain] com.netflix.discovery.DiscoveryClient    : Starting heartbeat executor: renew interval is: 30
2026-08-12T14:31:06.252+05:30  INFO 23108 --- [attempt-analytics-service] [  restartedMain] c.n.discovery.InstanceInfoReplicator     : InstanceInfoReplicator onDemand update allowed rate per min is 4
2026-08-12T14:31:06.252+05:30  INFO 23108 --- [attempt-analytics-service] [  restartedMain] com.netflix.discovery.DiscoveryClient    : Discovery Client initialized at timestamp 1786525266252 with initial instances count: 5
2026-08-12T14:31:06.254+05:30  INFO 23108 --- [attempt-analytics-service] [  restartedMain] o.s.c.n.e.s.EurekaServiceRegistry        : Registering application ATTEMPT-ANALYTICS-SERVICE with eureka with status UP
2026-08-12T14:31:06.254+05:30  INFO 23108 --- [attempt-analytics-service] [  restartedMain] com.netflix.discovery.DiscoveryClient    : Saw local status change event StatusChangeEvent [timestamp=1786525266254, current=UP, previous=STARTING]
2026-08-12T14:31:06.255+05:30  INFO 23108 --- [attempt-analytics-service] [foReplicator-%d] com.netflix.discovery.DiscoveryClient    : DiscoveryClient_ATTEMPT-ANALYTICS-SERVICE/DESKTOP-4K1TS8H.mshome.net:attempt-analytics-service:8083: registering service...
2026-08-12T14:31:06.261+05:30  INFO 23108 --- [attempt-analytics-service] [  restartedMain] o.s.b.w.embedded.tomcat.TomcatWebServer  : Tomcat started on port 8083 (http) with context path '/'
2026-08-12T14:31:06.262+05:30  INFO 23108 --- [attempt-analytics-service] [  restartedMain] .s.c.n.e.s.EurekaAutoServiceRegistration : Updating port to 8083
2026-08-12T14:31:06.274+05:30  INFO 23108 --- [attempt-analytics-service] [foReplicator-%d] com.netflix.discovery.DiscoveryClient    : DiscoveryClient_ATTEMPT-ANALYTICS-SERVICE/DESKTOP-4K1TS8H.mshome.net:attempt-analytics-service:8083 - registration status: 204
2026-08-12T14:31:06.284+05:30  INFO 23108 --- [attempt-analytics-service] [  restartedMain] c.s.AttemptAnalyticsApplication          : Started AttemptAnalyticsApplication in 1.106 seconds (process running for 3829.706)
2026-08-12T14:31:06.286+05:30  INFO 23108 --- [attempt-analytics-service] [  restartedMain] .ConditionEvaluationDeltaLoggingListener : Condition evaluation unchanged
2026-08-12T14:31:07.557+05:30  INFO 23108 --- [attempt-analytics-service] [   File Watcher] rtingClassPathChangeChangedEventListener : Restarting due to 16 class path changes (16 additions, 0 deletions, 0 modifications)
2026-08-12T14:31:07.558+05:30  INFO 23108 --- [attempt-analytics-service] [      Thread-19] o.s.c.n.e.s.EurekaServiceRegistry        : Unregistering application ATTEMPT-ANALYTICS-SERVICE with eureka with status DOWN
2026-08-12T14:31:07.559+05:30  INFO 23108 --- [attempt-analytics-service] [      Thread-19] com.netflix.discovery.DiscoveryClient    : Saw local status change event StatusChangeEvent [timestamp=1786525267559, current=DOWN, previous=UP]
2026-08-12T14:31:07.559+05:30  INFO 23108 --- [attempt-analytics-service] [foReplicator-%d] com.netflix.discovery.DiscoveryClient    : DiscoveryClient_ATTEMPT-ANALYTICS-SERVICE/DESKTOP-4K1TS8H.mshome.net:attempt-analytics-service:8083: registering service...
2026-08-12T14:31:07.566+05:30  INFO 23108 --- [attempt-analytics-service] [foReplicator-%d] com.netflix.discovery.DiscoveryClient    : DiscoveryClient_ATTEMPT-ANALYTICS-SERVICE/DESKTOP-4K1TS8H.mshome.net:attempt-analytics-service:8083 - registration status: 204
2026-08-12T14:31:07.581+05:30  INFO 23108 --- [attempt-analytics-service] [      Thread-19] com.netflix.discovery.DiscoveryClient    : Shutting down DiscoveryClient ...
2026-08-12T14:31:10.596+05:30  INFO 23108 --- [attempt-analytics-service] [      Thread-19] com.netflix.discovery.DiscoveryClient    : Unregistering ...
2026-08-12T14:31:10.614+05:30  INFO 23108 --- [attempt-analytics-service] [      Thread-19] com.netflix.discovery.DiscoveryClient    : DiscoveryClient_ATTEMPT-ANALYTICS-SERVICE/DESKTOP-4K1TS8H.mshome.net:attempt-analytics-service:8083 - deregister  status: 200
2026-08-12T14:31:10.614+05:30  INFO 23108 --- [attempt-analytics-service] [      Thread-19] com.netflix.discovery.DiscoveryClient    : Completed shut down of DiscoveryClient

  .   ____          _            __ _ _
 /\\ / ___'_ __ _ _(_)_ __  __ _ \ \ \ \
( ( )\___ | '_ | '_| | '_ \/ _` | \ \ \ \
 \\/  ___)| |_)| | | | | || (_| |  ) ) ) )
  '  |____| .__|_| |_|_| |_\__, | / / / /
 =========|_|==============|___/=/_/_/_/

 :: Spring Boot ::                (v3.3.2)

2026-08-12T14:31:10.748+05:30  INFO 23108 --- [attempt-analytics-service] [  restartedMain] c.s.AttemptAnalyticsApplication          : Starting AttemptAnalyticsApplication using Java 26.0.1 with PID 23108 (E:\SKILLTRACK\skilltrack-backend\attempt-analytics-service\target\classes started by Admin in E:\SKILLTRACK\skilltrack-backend\attempt-analytics-service)
2026-08-12T14:31:10.748+05:30  INFO 23108 --- [attempt-analytics-service] [  restartedMain] c.s.AttemptAnalyticsApplication          : No active profile set, falling back to 1 default profile: "default"
2026-08-12T14:31:11.106+05:30  INFO 23108 --- [attempt-analytics-service] [  restartedMain] .s.d.r.c.RepositoryConfigurationDelegate : Bootstrapping Spring Data MongoDB repositories in DEFAULT mode.
2026-08-12T14:31:11.110+05:30  INFO 23108 --- [attempt-analytics-service] [  restartedMain] .s.d.r.c.RepositoryConfigurationDelegate : Finished Spring Data repository scanning in 3 ms. Found 0 MongoDB repository interfaces.
2026-08-12T14:31:11.222+05:30  INFO 23108 --- [attempt-analytics-service] [  restartedMain] o.s.cloud.context.scope.GenericScope     : BeanFactory id=8c3b1bda-fece-3b55-b912-20c5ec29641a
2026-08-12T14:31:11.239+05:30  WARN 23108 --- [attempt-analytics-service] [  restartedMain] trationDelegate$BeanPostProcessorChecker : Bean 'org.springframework.cloud.client.loadbalancer.LoadBalancerAutoConfiguration$DeferringLoadBalancerInterceptorConfig' of type [org.springframework.cloud.client.loadbalancer.LoadBalancerAutoConfiguration$DeferringLoadBalancerInterceptorConfig] is not eligible for getting processed by all BeanPostProcessors (for example: not eligible for auto-proxying). The currently created BeanPostProcessor [lbRestClientPostProcessor] is declared through a non-static factory method on that class; consider declaring it as static instead.
2026-08-12T14:31:11.241+05:30  WARN 23108 --- [attempt-analytics-service] [  restartedMain] trationDelegate$BeanPostProcessorChecker : Bean 'deferringLoadBalancerInterceptor' of type [org.springframework.cloud.client.loadbalancer.DeferringLoadBalancerInterceptor] is not eligible for getting processed by all BeanPostProcessors (for example: not eligible for auto-proxying). Is this bean getting eagerly injected into a currently created BeanPostProcessor [lbRestClientPostProcessor]? Check the corresponding BeanPostProcessor declaration and its dependencies.
2026-08-12T14:31:11.319+05:30  INFO 23108 --- [attempt-analytics-service] [  restartedMain] o.s.b.w.embedded.tomcat.TomcatWebServer  : Tomcat initialized with port 8083 (http)
2026-08-12T14:31:11.320+05:30  INFO 23108 --- [attempt-analytics-service] [  restartedMain] o.apache.catalina.core.StandardService   : Starting service [Tomcat]
2026-08-12T14:31:11.321+05:30  INFO 23108 --- [attempt-analytics-service] [  restartedMain] o.apache.catalina.core.StandardEngine    : Starting Servlet engine: [Apache Tomcat/10.1.26]
2026-08-12T14:31:11.390+05:30  INFO 23108 --- [attempt-analytics-service] [  restartedMain] o.a.c.c.C.[Tomcat].[localhost].[/]       : Initializing Spring embedded WebApplicationContext
2026-08-12T14:31:11.390+05:30  INFO 23108 --- [attempt-analytics-service] [  restartedMain] w.s.c.ServletWebServerApplicationContext : Root WebApplicationContext: initialization completed in 640 ms
2026-08-12T14:31:11.417+05:30  INFO 23108 --- [attempt-analytics-service] [  restartedMain] org.mongodb.driver.client                : MongoClient with metadata {"driver": {"name": "mongo-java-driver|sync|spring-boot", "version": "5.0.1"}, "os": {"type": "Windows", "name": "Windows 11", "architecture": "amd64", "version": "10.0"}, "platform": "Java/Oracle Corporation/26.0.1+8-34"} created with settings MongoClientSettings{readPreference=primary, writeConcern=WriteConcern{w=null, wTimeout=null ms, journal=null}, retryWrites=true, retryReads=true, readConcern=ReadConcern{level=null}, credential=null, transportSettings=null, commandListeners=[], codecRegistry=ProvidersCodecRegistry{codecProviders=[ValueCodecProvider{}, BsonValueCodecProvider{}, DBRefCodecProvider{}, DBObjectCodecProvider{}, DocumentCodecProvider{}, CollectionCodecProvider{}, IterableCodecProvider{}, MapCodecProvider{}, GeoJsonCodecProvider{}, GridFSFileCodecProvider{}, Jsr310CodecProvider{}, JsonObjectCodecProvider{}, BsonCodecProvider{}, EnumCodecProvider{}, com.mongodb.client.model.mql.ExpressionCodecProvider@6f516892, com.mongodb.Jep395RecordCodecProvider@6eec9d94, com.mongodb.KotlinCodecProvider@2373a89b]}, loggerSettings=LoggerSettings{maxDocumentLength=1000}, clusterSettings={hosts=[localhost:27017], srvServiceName=mongodb, mode=SINGLE, requiredClusterType=UNKNOWN, requiredReplicaSetName='null', serverSelector='null', clusterListeners='[]', serverSelectionTimeout='30000 ms', localThreshold='15 ms'}, socketSettings=SocketSettings{connectTimeoutMS=10000, readTimeoutMS=0, receiveBufferSize=0, proxySettings=ProxySettings{host=null, port=null, username=null, password=null}}, heartbeatSocketSettings=SocketSettings{connectTimeoutMS=10000, readTimeoutMS=10000, receiveBufferSize=0, proxySettings=ProxySettings{host=null, port=null, username=null, password=null}}, connectionPoolSettings=ConnectionPoolSettings{maxSize=100, minSize=0, maxWaitTimeMS=120000, maxConnectionLifeTimeMS=0, maxConnectionIdleTimeMS=0, maintenanceInitialDelayMS=0, maintenanceFrequencyMS=60000, connectionPoolListeners=[], maxConnecting=2}, serverSettings=ServerSettings{heartbeatFrequencyMS=10000, minHeartbeatFrequencyMS=500, serverListeners='[]', serverMonitorListeners='[]'}, sslSettings=SslSettings{enabled=false, invalidHostNameAllowed=false, context=null}, applicationName='null', compressorList=[], uuidRepresentation=JAVA_LEGACY, serverApi=null, autoEncryptionSettings=null, dnsClient=null, inetAddressResolver=null, contextProvider=null}
2026-08-12T14:31:11.420+05:30  INFO 23108 --- [attempt-analytics-service] [localhost:27017] org.mongodb.driver.cluster               : Monitor thread successfully connected to server with description ServerDescription{address=localhost:27017, type=STANDALONE, state=CONNECTED, ok=true, minWireVersion=0, maxWireVersion=28, maxDocumentSize=16777216, logicalSessionTimeoutMinutes=30, roundTripTimeNanos=2429600}
2026-08-12T14:31:11.709+05:30  WARN 23108 --- [attempt-analytics-service] [  restartedMain] o.s.b.d.a.OptionalLiveReloadServer       : Unable to start LiveReload server
2026-08-12T14:31:11.789+05:30  INFO 23108 --- [attempt-analytics-service] [  restartedMain] DiscoveryClientOptionalArgsConfiguration : Eureka HTTP Client uses RestTemplate.
2026-08-12T14:31:11.808+05:30  WARN 23108 --- [attempt-analytics-service] [  restartedMain] iguration$LoadBalancerCaffeineWarnLogger : Spring Cloud LoadBalancer is currently working with the default cache. While this cache implementation is useful for development and tests, it's recommended to use Caffeine cache in production.You can switch to using Caffeine cache, by adding it and org.springframework.cache.caffeine.CaffeineCacheManager to the classpath.
2026-08-12T14:31:11.821+05:30  INFO 23108 --- [attempt-analytics-service] [  restartedMain] o.s.c.n.eureka.InstanceInfoFactory       : Setting initial instance status as: STARTING
2026-08-12T14:31:11.824+05:30  INFO 23108 --- [attempt-analytics-service] [  restartedMain] com.netflix.discovery.DiscoveryClient    : Initializing Eureka in region us-east-1
2026-08-12T14:31:11.824+05:30  INFO 23108 --- [attempt-analytics-service] [  restartedMain] c.n.d.s.r.aws.ConfigClusterResolver      : Resolving eureka endpoints via configuration
2026-08-12T14:31:11.824+05:30  INFO 23108 --- [attempt-analytics-service] [  restartedMain] com.netflix.discovery.DiscoveryClient    : Disable delta property : false
2026-08-12T14:31:11.824+05:30  INFO 23108 --- [attempt-analytics-service] [  restartedMain] com.netflix.discovery.DiscoveryClient    : Single vip registry refresh property : null
2026-08-12T14:31:11.824+05:30  INFO 23108 --- [attempt-analytics-service] [  restartedMain] com.netflix.discovery.DiscoveryClient    : Force full registry fetch : false
2026-08-12T14:31:11.825+05:30  INFO 23108 --- [attempt-analytics-service] [  restartedMain] com.netflix.discovery.DiscoveryClient    : Application is null : false
2026-08-12T14:31:11.825+05:30  INFO 23108 --- [attempt-analytics-service] [  restartedMain] com.netflix.discovery.DiscoveryClient    : Registered Applications size is zero : true
2026-08-12T14:31:11.825+05:30  INFO 23108 --- [attempt-analytics-service] [  restartedMain] com.netflix.discovery.DiscoveryClient    : Application version is -1: true
2026-08-12T14:31:11.825+05:30  INFO 23108 --- [attempt-analytics-service] [  restartedMain] com.netflix.discovery.DiscoveryClient    : Getting all instance registry info from the eureka server
2026-08-12T14:31:11.859+05:30  INFO 23108 --- [attempt-analytics-service] [  restartedMain] com.netflix.discovery.DiscoveryClient    : The response status is 200
2026-08-12T14:31:11.860+05:30  INFO 23108 --- [attempt-analytics-service] [  restartedMain] com.netflix.discovery.DiscoveryClient    : Starting heartbeat executor: renew interval is: 30
2026-08-12T14:31:11.860+05:30  INFO 23108 --- [attempt-analytics-service] [  restartedMain] c.n.discovery.InstanceInfoReplicator     : InstanceInfoReplicator onDemand update allowed rate per min is 4
2026-08-12T14:31:11.861+05:30  INFO 23108 --- [attempt-analytics-service] [  restartedMain] com.netflix.discovery.DiscoveryClient    : Discovery Client initialized at timestamp 1786525271861 with initial instances count: 5
2026-08-12T14:31:11.862+05:30  INFO 23108 --- [attempt-analytics-service] [  restartedMain] o.s.c.n.e.s.EurekaServiceRegistry        : Registering application ATTEMPT-ANALYTICS-SERVICE with eureka with status UP
2026-08-12T14:31:11.862+05:30  INFO 23108 --- [attempt-analytics-service] [  restartedMain] com.netflix.discovery.DiscoveryClient    : Saw local status change event StatusChangeEvent [timestamp=1786525271862, current=UP, previous=STARTING]
2026-08-12T14:31:11.862+05:30  INFO 23108 --- [attempt-analytics-service] [foReplicator-%d] com.netflix.discovery.DiscoveryClient    : DiscoveryClient_ATTEMPT-ANALYTICS-SERVICE/DESKTOP-4K1TS8H.mshome.net:attempt-analytics-service:8083: registering service...
2026-08-12T14:31:11.870+05:30  INFO 23108 --- [attempt-analytics-service] [  restartedMain] o.s.b.w.embedded.tomcat.TomcatWebServer  : Tomcat started on port 8083 (http) with context path '/'
2026-08-12T14:31:11.871+05:30  INFO 23108 --- [attempt-analytics-service] [  restartedMain] .s.c.n.e.s.EurekaAutoServiceRegistration : Updating port to 8083
2026-08-12T14:31:11.881+05:30  INFO 23108 --- [attempt-analytics-service] [foReplicator-%d] com.netflix.discovery.DiscoveryClient    : DiscoveryClient_ATTEMPT-ANALYTICS-SERVICE/DESKTOP-4K1TS8H.mshome.net:attempt-analytics-service:8083 - registration status: 204
2026-08-12T14:31:11.889+05:30  INFO 23108 --- [attempt-analytics-service] [  restartedMain] c.s.AttemptAnalyticsApplication          : Started AttemptAnalyticsApplication in 1.198 seconds (process running for 3835.311)
2026-08-12T14:31:11.891+05:30  INFO 23108 --- [attempt-analytics-service] [  restartedMain] .ConditionEvaluationDeltaLoggingListener : Condition evaluation unchanged
2026-08-12T14:33:36.825+05:30  INFO 23108 --- [attempt-analytics-service] [nio-8083-exec-1] o.a.c.c.C.[Tomcat].[localhost].[/]       : Initializing Spring DispatcherServlet 'dispatcherServlet'
2026-08-12T14:33:36.825+05:30  INFO 23108 --- [attempt-analytics-service] [nio-8083-exec-1] o.s.web.servlet.DispatcherServlet        : Initializing Servlet 'dispatcherServlet'
2026-08-12T14:33:36.828+05:30  INFO 23108 --- [attempt-analytics-service] [nio-8083-exec-1] o.s.web.servlet.DispatcherServlet        : Completed initialization in 3 ms
2026-08-12T14:36:11.830+05:30  INFO 23108 --- [attempt-analytics-service] [rap-executor-%d] c.n.d.s.r.aws.ConfigClusterResolver      : Resolving eureka endpoints via configuration
2026-08-12T14:41:11.834+05:30  INFO 23108 --- [attempt-analytics-service] [rap-executor-%d] c.n.d.s.r.aws.ConfigClusterResolver      : Resolving eureka endpoints via configuration
2026-08-12T14:46:11.847+05:30  INFO 23108 --- [attempt-analytics-service] [rap-executor-%d] c.n.d.s.r.aws.ConfigClusterResolver      : Resolving eureka endpoints via configuration
2026-08-12T14:51:11.849+05:30  INFO 23108 --- [attempt-analytics-service] [rap-executor-%d] c.n.d.s.r.aws.ConfigClusterResolver      : Resolving eureka endpoints via configuration
2026-08-12T14:56:11.855+05:30  INFO 23108 --- [attempt-analytics-service] [rap-executor-%d] c.n.d.s.r.aws.ConfigClusterResolver      : Resolving eureka endpoints via configuration
2026-08-12T15:01:11.861+05:30  INFO 23108 --- [attempt-analytics-service] [rap-executor-%d] c.n.d.s.r.aws.ConfigClusterResolver      : Resolving eureka endpoints via configuration
2026-08-12T15:06:11.866+05:30  INFO 23108 --- [attempt-analytics-service] [rap-executor-%d] c.n.d.s.r.aws.ConfigClusterResolver      : Resolving eureka endpoints via configuration
2026-08-12T15:11:11.876+05:30  INFO 23108 --- [attempt-analytics-service] [rap-executor-%d] c.n.d.s.r.aws.ConfigClusterResolver      : Resolving eureka endpoints via configuration
2026-08-12T15:16:11.886+05:30  INFO 23108 --- [attempt-analytics-service] [rap-executor-%d] c.n.d.s.r.aws.ConfigClusterResolver      : Resolving eureka endpoints via configuration
2026-08-12T15:21:11.891+05:30  INFO 23108 --- [attempt-analytics-service] [rap-executor-%d] c.n.d.s.r.aws.ConfigClusterResolver      : Resolving eureka endpoints via configuration
2026-08-12T15:26:11.899+05:30  INFO 23108 --- [attempt-analytics-service] [rap-executor-%d] c.n.d.s.r.aws.ConfigClusterResolver      : Resolving eureka endpoints via configuration
2026-08-12T15:31:11.901+05:30  INFO 23108 --- [attempt-analytics-service] [rap-executor-%d] c.n.d.s.r.aws.ConfigClusterResolver      : Resolving eureka endpoints via configuration
2026-08-12T15:36:11.910+05:30  INFO 23108 --- [attempt-analytics-service] [rap-executor-%d] c.n.d.s.r.aws.ConfigClusterResolver      : Resolving eureka endpoints via configuration
2026-08-12T15:41:11.918+05:30  INFO 23108 --- [attempt-analytics-service] [rap-executor-%d] c.n.d.s.r.aws.ConfigClusterResolver      : Resolving eureka endpoints via configuration
2026-08-12T15:46:11.920+05:30  INFO 23108 --- [attempt-analytics-service] [rap-executor-%d] c.n.d.s.r.aws.ConfigClusterResolver      : Resolving eureka endpoints via configuration
2026-08-12T15:51:11.935+05:30  INFO 23108 --- [attempt-analytics-service] [rap-executor-%d] c.n.d.s.r.aws.ConfigClusterResolver      : Resolving eureka endpoints via configuration
^CTerminate batch job (Y/N)? 