[INFO] Scanning for projects...
[INFO] 
[INFO] -----------------< com.skilltrack:simulation-service >------------------
[INFO] Building simulation-service 0.0.1-SNAPSHOT
[INFO]   from pom.xml
[INFO] --------------------------------[ jar ]---------------------------------
[INFO] 
[INFO] >>> spring-boot:3.3.2:run (default-cli) > test-compile @ simulation-service >>>
[INFO] 
[INFO] --- resources:3.3.1:resources (default-resources) @ simulation-service ---
[INFO] Copying 1 resource from src\main\resources to target\classes
[INFO] Copying 0 resource from src\main\resources to target\classes
[INFO] 
[INFO] --- compiler:3.13.0:compile (default-compile) @ simulation-service ---
[INFO] Nothing to compile - all classes are up to date.
[INFO] 
[INFO] --- resources:3.3.1:testResources (default-testResources) @ simulation-service ---
[INFO] skip non existing resourceDirectory E:\SKILLTRACK\skilltrack-backend\simulation-service\src\test\resources
[INFO] 
[INFO] --- compiler:3.13.0:testCompile (default-testCompile) @ simulation-service ---
[INFO] No sources to compile
[INFO] 
[INFO] <<< spring-boot:3.3.2:run (default-cli) < test-compile @ simulation-service <<<
[INFO] 
[INFO] 
[INFO] --- spring-boot:3.3.2:run (default-cli) @ simulation-service ---
[INFO] Attaching agents: []

  .   ____          _            __ _ _
 /\\ / ___'_ __ _ _(_)_ __  __ _ \ \ \ \
( ( )\___ | '_ | '_| | '_ \/ _` | \ \ \ \
 \\/  ___)| |_)| | | | | || (_| |  ) ) ) )
  '  |____| .__|_| |_|_| |_\__, | / / / /
 =========|_|==============|___/=/_/_/_/

 :: Spring Boot ::                (v3.3.2)

2026-08-12T13:27:20.969+05:30  INFO 19140 --- [simulation-service] [  restartedMain] c.s.SimulationServiceApplication         : Starting SimulationServiceApplication using Java 26.0.1 with PID 19140 (E:\SKILLTRACK\skilltrack-backend\simulation-service\target\classes started by Admin in E:\SKILLTRACK\skilltrack-backend\simulation-service)
2026-08-12T13:27:20.983+05:30  INFO 19140 --- [simulation-service] [  restartedMain] c.s.SimulationServiceApplication         : No active profile set, falling back to 1 default profile: "default"
2026-08-12T13:27:21.973+05:30  INFO 19140 --- [simulation-service] [  restartedMain] .e.DevToolsPropertyDefaultsPostProcessor : Devtools property defaults active! Set 'spring.devtools.add-properties' to 'false' to disable
2026-08-12T13:27:21.973+05:30  INFO 19140 --- [simulation-service] [  restartedMain] .e.DevToolsPropertyDefaultsPostProcessor : For additional web related logging consider setting the 'logging.level.web' property to 'DEBUG'
2026-08-12T13:27:24.543+05:30  INFO 19140 --- [simulation-service] [  restartedMain] .s.d.r.c.RepositoryConfigurationDelegate : Bootstrapping Spring Data MongoDB repositories in DEFAULT mode.
2026-08-12T13:27:24.608+05:30  INFO 19140 --- [simulation-service] [  restartedMain] .s.d.r.c.RepositoryConfigurationDelegate : Finished Spring Data repository scanning in 55 ms. Found 0 MongoDB repository interfaces.
2026-08-12T13:27:25.225+05:30  INFO 19140 --- [simulation-service] [  restartedMain] o.s.cloud.context.scope.GenericScope     : BeanFactory id=4987d19e-883c-39fb-a8b6-a28005b7f6fc
2026-08-12T13:27:25.403+05:30  WARN 19140 --- [simulation-service] [  restartedMain] trationDelegate$BeanPostProcessorChecker : Bean 'org.springframework.cloud.client.loadbalancer.LoadBalancerAutoConfiguration$DeferringLoadBalancerInterceptorConfig' of type [org.springframework.cloud.client.loadbalancer.LoadBalancerAutoConfiguration$DeferringLoadBalancerInterceptorConfig] is not eligible for getting processed by all BeanPostProcessors (for example: not eligible for auto-proxying). The currently created BeanPostProcessor [lbRestClientPostProcessor] is declared through a non-static factory method on that class; consider declaring it as static instead.
2026-08-12T13:27:25.407+05:30  WARN 19140 --- [simulation-service] [  restartedMain] trationDelegate$BeanPostProcessorChecker : Bean 'deferringLoadBalancerInterceptor' of type [org.springframework.cloud.client.loadbalancer.DeferringLoadBalancerInterceptor] is not eligible for getting processed by all BeanPostProcessors (for example: not eligible for auto-proxying). Is this bean getting eagerly injected into a currently created BeanPostProcessor [lbRestClientPostProcessor]? Check the corresponding BeanPostProcessor declaration and its dependencies.
WARNING: A restricted method in java.lang.System has been called
WARNING: java.lang.System::load has been called by org.apache.tomcat.jni.Library in an unnamed module (file:/C:/Users/Admin/.m2/repository/org/apache/tomcat/embed/tomcat-embed-core/10.1.26/tomcat-embed-core-10.1.26.jar)
WARNING: Use --enable-native-access=ALL-UNNAMED to avoid a warning for callers in this module
WARNING: Restricted methods will be blocked in a future release unless native access is enabled

2026-08-12T13:27:26.645+05:30  INFO 19140 --- [simulation-service] [  restartedMain] o.s.b.w.embedded.tomcat.TomcatWebServer  : Tomcat initialized with port 8082 (http)
2026-08-12T13:27:26.674+05:30  INFO 19140 --- [simulation-service] [  restartedMain] o.apache.catalina.core.StandardService   : Starting service [Tomcat]
2026-08-12T13:27:26.675+05:30  INFO 19140 --- [simulation-service] [  restartedMain] o.apache.catalina.core.StandardEngine    : Starting Servlet engine: [Apache Tomcat/10.1.26]
2026-08-12T13:27:26.864+05:30  INFO 19140 --- [simulation-service] [  restartedMain] o.a.c.c.C.[Tomcat].[localhost].[/]       : Initializing Spring embedded WebApplicationContext
2026-08-12T13:27:26.866+05:30  INFO 19140 --- [simulation-service] [  restartedMain] w.s.c.ServletWebServerApplicationContext : Root WebApplicationContext: initialization completed in 4890 ms
2026-08-12T13:27:27.325+05:30  INFO 19140 --- [simulation-service] [  restartedMain] org.mongodb.driver.client                : MongoClient with metadata {"driver": {"name": "mongo-java-driver|sync|spring-boot", "version": "5.0.1"}, "os": {"type": "Windows", "name": "Windows 11", "architecture": "amd64", "version": "10.0"}, "platform": "Java/Oracle Corporation/26.0.1+8-34"} created with settings MongoClientSettings{readPreference=primary, writeConcern=WriteConcern{w=null, wTimeout=null ms, journal=null}, retryWrites=true, retryReads=true, readConcern=ReadConcern{level=null}, credential=null, transportSettings=null, commandListeners=[], codecRegistry=ProvidersCodecRegistry{codecProviders=[ValueCodecProvider{}, BsonValueCodecProvider{}, DBRefCodecProvider{}, DBObjectCodecProvider{}, DocumentCodecProvider{}, CollectionCodecProvider{}, IterableCodecProvider{}, MapCodecProvider{}, GeoJsonCodecProvider{}, GridFSFileCodecProvider{}, Jsr310CodecProvider{}, JsonObjectCodecProvider{}, BsonCodecProvider{}, EnumCodecProvider{}, com.mongodb.client.model.mql.ExpressionCodecProvider@6c355777, com.mongodb.Jep395RecordCodecProvider@7ffd0adc, com.mongodb.KotlinCodecProvider@7e79e750]}, loggerSettings=LoggerSettings{maxDocumentLength=1000}, clusterSettings={hosts=[localhost:27017], srvServiceName=mongodb, mode=SINGLE, requiredClusterType=UNKNOWN, requiredReplicaSetName='null', serverSelector='null', clusterListeners='[]', serverSelectionTimeout='30000 ms', localThreshold='15 ms'}, socketSettings=SocketSettings{connectTimeoutMS=10000, readTimeoutMS=0, receiveBufferSize=0, proxySettings=ProxySettings{host=null, port=null, username=null, password=null}}, heartbeatSocketSettings=SocketSettings{connectTimeoutMS=10000, readTimeoutMS=10000, receiveBufferSize=0, proxySettings=ProxySettings{host=null, port=null, username=null, password=null}}, connectionPoolSettings=ConnectionPoolSettings{maxSize=100, minSize=0, maxWaitTimeMS=120000, maxConnectionLifeTimeMS=0, maxConnectionIdleTimeMS=0, maintenanceInitialDelayMS=0, maintenanceFrequencyMS=60000, connectionPoolListeners=[], maxConnecting=2}, serverSettings=ServerSettings{heartbeatFrequencyMS=10000, minHeartbeatFrequencyMS=500, serverListeners='[]', serverMonitorListeners='[]'}, sslSettings=SslSettings{enabled=false, invalidHostNameAllowed=false, context=null}, applicationName='null', compressorList=[], uuidRepresentation=JAVA_LEGACY, serverApi=null, autoEncryptionSettings=null, dnsClient=null, inetAddressResolver=null, contextProvider=null}
2026-08-12T13:27:27.370+05:30  INFO 19140 --- [simulation-service] [localhost:27017] org.mongodb.driver.cluster               : Monitor thread successfully connected to server with description ServerDescription{address=localhost:27017, type=STANDALONE, state=CONNECTED, ok=true, minWireVersion=0, maxWireVersion=28, maxDocumentSize=16777216, logicalSessionTimeoutMinutes=30, roundTripTimeNanos=48043500}
2026-08-12T13:27:29.139+05:30  WARN 19140 --- [simulation-service] [  restartedMain] o.s.b.d.a.OptionalLiveReloadServer       : Unable to start LiveReload server
2026-08-12T13:27:29.314+05:30  INFO 19140 --- [simulation-service] [  restartedMain] DiscoveryClientOptionalArgsConfiguration : Eureka HTTP Client uses RestTemplate.
2026-08-12T13:27:29.411+05:30  WARN 19140 --- [simulation-service] [  restartedMain] iguration$LoadBalancerCaffeineWarnLogger : Spring Cloud LoadBalancer is currently working with the default cache. While this cache implementation is useful for development and tests, it's recommended to use Caffeine cache in production.You can switch to using Caffeine cache, by adding it and org.springframework.cache.caffeine.CaffeineCacheManager to the classpath.
2026-08-12T13:27:29.477+05:30  INFO 19140 --- [simulation-service] [  restartedMain] o.s.c.n.eureka.InstanceInfoFactory       : Setting initial instance status as: STARTING
2026-08-12T13:27:29.534+05:30  INFO 19140 --- [simulation-service] [  restartedMain] com.netflix.discovery.DiscoveryClient    : Initializing Eureka in region us-east-1
2026-08-12T13:27:29.544+05:30  INFO 19140 --- [simulation-service] [  restartedMain] c.n.d.s.r.aws.ConfigClusterResolver      : Resolving eureka endpoints via configuration
2026-08-12T13:27:29.560+05:30  INFO 19140 --- [simulation-service] [  restartedMain] com.netflix.discovery.DiscoveryClient    : Disable delta property : false
2026-08-12T13:27:29.561+05:30  INFO 19140 --- [simulation-service] [  restartedMain] com.netflix.discovery.DiscoveryClient    : Single vip registry refresh property : null
2026-08-12T13:27:29.561+05:30  INFO 19140 --- [simulation-service] [  restartedMain] com.netflix.discovery.DiscoveryClient    : Force full registry fetch : false
2026-08-12T13:27:29.561+05:30  INFO 19140 --- [simulation-service] [  restartedMain] com.netflix.discovery.DiscoveryClient    : Application is null : false
2026-08-12T13:27:29.561+05:30  INFO 19140 --- [simulation-service] [  restartedMain] com.netflix.discovery.DiscoveryClient    : Registered Applications size is zero : true
2026-08-12T13:27:29.562+05:30  INFO 19140 --- [simulation-service] [  restartedMain] com.netflix.discovery.DiscoveryClient    : Application version is -1: true
2026-08-12T13:27:29.562+05:30  INFO 19140 --- [simulation-service] [  restartedMain] com.netflix.discovery.DiscoveryClient    : Getting all instance registry info from the eureka server
2026-08-12T13:27:30.383+05:30  INFO 19140 --- [simulation-service] [  restartedMain] com.netflix.discovery.DiscoveryClient    : The response status is 200
2026-08-12T13:27:30.387+05:30  INFO 19140 --- [simulation-service] [  restartedMain] com.netflix.discovery.DiscoveryClient    : Starting heartbeat executor: renew interval is: 30
2026-08-12T13:27:30.391+05:30  INFO 19140 --- [simulation-service] [  restartedMain] c.n.discovery.InstanceInfoReplicator     : InstanceInfoReplicator onDemand update allowed rate per min is 4
2026-08-12T13:27:30.394+05:30  INFO 19140 --- [simulation-service] [  restartedMain] com.netflix.discovery.DiscoveryClient    : Discovery Client initialized at timestamp 1786521450393 with initial instances count: 1
2026-08-12T13:27:30.401+05:30  INFO 19140 --- [simulation-service] [  restartedMain] o.s.c.n.e.s.EurekaServiceRegistry        : Registering application SIMULATION-SERVICE with eureka with status UP
2026-08-12T13:27:30.402+05:30  INFO 19140 --- [simulation-service] [  restartedMain] com.netflix.discovery.DiscoveryClient    : Saw local status change event StatusChangeEvent [timestamp=1786521450402, current=UP, previous=STARTING]
2026-08-12T13:27:30.419+05:30  INFO 19140 --- [simulation-service] [foReplicator-%d] com.netflix.discovery.DiscoveryClient    : DiscoveryClient_SIMULATION-SERVICE/DESKTOP-4K1TS8H.mshome.net:simulation-service:8082: registering service...
2026-08-12T13:27:30.485+05:30  INFO 19140 --- [simulation-service] [  restartedMain] o.s.b.w.embedded.tomcat.TomcatWebServer  : Tomcat started on port 8082 (http) with context path '/'
2026-08-12T13:27:30.488+05:30  INFO 19140 --- [simulation-service] [  restartedMain] .s.c.n.e.s.EurekaAutoServiceRegistration : Updating port to 8082
2026-08-12T13:27:30.525+05:30  INFO 19140 --- [simulation-service] [foReplicator-%d] com.netflix.discovery.DiscoveryClient    : DiscoveryClient_SIMULATION-SERVICE/DESKTOP-4K1TS8H.mshome.net:simulation-service:8082 - registration status: 204
2026-08-12T13:27:30.541+05:30  INFO 19140 --- [simulation-service] [  restartedMain] c.s.SimulationServiceApplication         : Started SimulationServiceApplication in 12.262 seconds (process running for 14.104)
2026-08-12T13:27:30.742+05:30  INFO 19140 --- [simulation-service] [  restartedMain] com.skilltrack.seed.ConfigSeeder         : Updated simulation config: APP_DEPLOY_013 (app-deploy-013.json)
2026-08-12T13:27:30.759+05:30  INFO 19140 --- [simulation-service] [  restartedMain] com.skilltrack.seed.ConfigSeeder         : Updated simulation config: CNC_SETUP_003 (cnc-machine-setup.json)
2026-08-12T13:27:30.775+05:30  INFO 19140 --- [simulation-service] [  restartedMain] com.skilltrack.seed.ConfigSeeder         : Updated simulation config: CYBER_INCIDENT_004 (cybersecurity-incident-response.json)
2026-08-12T13:27:30.791+05:30  INFO 19140 --- [simulation-service] [  restartedMain] com.skilltrack.seed.ConfigSeeder         : Updated simulation config: ELECTRICAL_PANEL_002 (electrical-panel-maintenance.json)
2026-08-12T13:27:30.807+05:30  INFO 19140 --- [simulation-service] [  restartedMain] com.skilltrack.seed.ConfigSeeder         : Updated simulation config: EOD_SHUTDOWN_014 (eod-shutdown-014.json)
2026-08-12T13:27:30.821+05:30  INFO 19140 --- [simulation-service] [  restartedMain] com.skilltrack.seed.ConfigSeeder         : Updated simulation config: EQUIP_ASSEMBLY_010 (equip-assembly-010.json)
2026-08-12T13:27:30.837+05:30  INFO 19140 --- [simulation-service] [  restartedMain] com.skilltrack.seed.ConfigSeeder         : Updated simulation config: FIRE_EVAC_003 (fire-evac-003.json)
2026-08-12T13:27:30.851+05:30  INFO 19140 --- [simulation-service] [  restartedMain] com.skilltrack.seed.ConfigSeeder         : Updated simulation config: GIT_COLLAB_012 (git-collab-012.json)
2026-08-12T13:27:30.865+05:30  INFO 19140 --- [simulation-service] [  restartedMain] com.skilltrack.seed.ConfigSeeder         : Updated simulation config: HAZARD_IDENT_002 (hazard-ident-002.json)
2026-08-12T13:27:30.876+05:30  INFO 19140 --- [simulation-service] [  restartedMain] com.skilltrack.seed.ConfigSeeder         : Updated simulation config: HYDRAULIC_DIAG_009 (hydraulic-diag-009.json)
2026-08-12T13:27:30.887+05:30  INFO 19140 --- [simulation-service] [  restartedMain] com.skilltrack.seed.ConfigSeeder         : Updated simulation config: LOTO_PROC_004 (loto-proc-004.json)
2026-08-12T13:27:30.897+05:30  INFO 19140 --- [simulation-service] [  restartedMain] com.skilltrack.seed.ConfigSeeder         : Updated simulation config: MOTOR_TROUBLE_006 (motor-trouble-006.json)
2026-08-12T13:27:30.910+05:30  INFO 19140 --- [simulation-service] [  restartedMain] com.skilltrack.seed.ConfigSeeder         : Updated simulation config: PPE_COMPLIANCE_001 (ppe-compliance.json)
2026-08-12T13:27:30.921+05:30  INFO 19140 --- [simulation-service] [  restartedMain] com.skilltrack.seed.ConfigSeeder         : Updated simulation config: PREV_MAINT_008 (prev-maint-008.json)
2026-08-12T13:27:30.931+05:30  INFO 19140 --- [simulation-service] [  restartedMain] com.skilltrack.seed.ConfigSeeder         : Updated simulation config: UBUNTU_MGMT_011 (ubuntu-mgmt-011.json)
2026-08-12T13:27:30.935+05:30  INFO 19140 --- [simulation-service] [  restartedMain] com.skilltrack.seed.ConfigSeeder         : Simulation config seeding complete. Inserted: 0, Updated: 15, Total in DB: 15
2026-08-12T13:28:45.177+05:30  INFO 19140 --- [simulation-service] [nio-8082-exec-3] o.a.c.c.C.[Tomcat].[localhost].[/]       : Initializing Spring DispatcherServlet 'dispatcherServlet'
2026-08-12T13:28:45.178+05:30  INFO 19140 --- [simulation-service] [nio-8082-exec-3] o.s.web.servlet.DispatcherServlet        : Initializing Servlet 'dispatcherServlet'
2026-08-12T13:28:45.180+05:30  INFO 19140 --- [simulation-service] [nio-8082-exec-3] o.s.web.servlet.DispatcherServlet        : Completed initialization in 2 ms
2026-08-12T13:32:29.579+05:30  INFO 19140 --- [simulation-service] [rap-executor-%d] c.n.d.s.r.aws.ConfigClusterResolver      : Resolving eureka endpoints via configuration
2026-08-12T13:37:29.582+05:30  INFO 19140 --- [simulation-service] [rap-executor-%d] c.n.d.s.r.aws.ConfigClusterResolver      : Resolving eureka endpoints via configuration
2026-08-12T13:42:29.593+05:30  INFO 19140 --- [simulation-service] [rap-executor-%d] c.n.d.s.r.aws.ConfigClusterResolver      : Resolving eureka endpoints via configuration
2026-08-12T13:47:29.597+05:30  INFO 19140 --- [simulation-service] [rap-executor-%d] c.n.d.s.r.aws.ConfigClusterResolver      : Resolving eureka endpoints via configuration
2026-08-12T13:52:29.604+05:30  INFO 19140 --- [simulation-service] [rap-executor-%d] c.n.d.s.r.aws.ConfigClusterResolver      : Resolving eureka endpoints via configuration
2026-08-12T13:57:29.621+05:30  INFO 19140 --- [simulation-service] [rap-executor-%d] c.n.d.s.r.aws.ConfigClusterResolver      : Resolving eureka endpoints via configuration
2026-08-12T14:02:29.632+05:30  INFO 19140 --- [simulation-service] [rap-executor-%d] c.n.d.s.r.aws.ConfigClusterResolver      : Resolving eureka endpoints via configuration
2026-08-12T14:07:29.638+05:30  INFO 19140 --- [simulation-service] [rap-executor-%d] c.n.d.s.r.aws.ConfigClusterResolver      : Resolving eureka endpoints via configuration
2026-08-12T14:12:29.651+05:30  INFO 19140 --- [simulation-service] [rap-executor-%d] c.n.d.s.r.aws.ConfigClusterResolver      : Resolving eureka endpoints via configuration
2026-08-12T14:17:29.662+05:30  INFO 19140 --- [simulation-service] [rap-executor-%d] c.n.d.s.r.aws.ConfigClusterResolver      : Resolving eureka endpoints via configuration
2026-08-12T14:19:28.406+05:30  WARN 19140 --- [simulation-service] [nio-8082-exec-4] .m.m.a.ExceptionHandlerExceptionResolver : Resolved [java.util.NoSuchElementException: No simulation found with simulation_id=git-001]
2026-08-12T14:20:18.586+05:30  WARN 19140 --- [simulation-service] [nio-8082-exec-1] .m.m.a.ExceptionHandlerExceptionResolver : Resolved [java.util.NoSuchElementException: No simulation found with simulation_id=git-001]
2026-08-12T14:22:29.668+05:30  INFO 19140 --- [simulation-service] [rap-executor-%d] c.n.d.s.r.aws.ConfigClusterResolver      : Resolving eureka endpoints via configuration
2026-08-12T14:27:29.677+05:30  INFO 19140 --- [simulation-service] [rap-executor-%d] c.n.d.s.r.aws.ConfigClusterResolver      : Resolving eureka endpoints via configuration
2026-08-12T14:28:04.980+05:30  WARN 19140 --- [simulation-service] [nio-8082-exec-4] .m.m.a.ExceptionHandlerExceptionResolver : Resolved [java.util.NoSuchElementException: No simulation found with simulation_id=git-001]
2026-08-12T14:28:57.418+05:30  WARN 19140 --- [simulation-service] [nio-8082-exec-5] .m.m.a.ExceptionHandlerExceptionResolver : Resolved [java.util.NoSuchElementException: No simulation found with simulation_id=git-001]
2026-08-12T14:32:29.693+05:30  INFO 19140 --- [simulation-service] [rap-executor-%d] c.n.d.s.r.aws.ConfigClusterResolver      : Resolving eureka endpoints via configuration
2026-08-12T14:37:29.703+05:30  INFO 19140 --- [simulation-service] [rap-executor-%d] c.n.d.s.r.aws.ConfigClusterResolver      : Resolving eureka endpoints via configuration
2026-08-12T14:42:29.706+05:30  INFO 19140 --- [simulation-service] [rap-executor-%d] c.n.d.s.r.aws.ConfigClusterResolver      : Resolving eureka endpoints via configuration
2026-08-12T14:47:29.718+05:30  INFO 19140 --- [simulation-service] [rap-executor-%d] c.n.d.s.r.aws.ConfigClusterResolver      : Resolving eureka endpoints via configuration
2026-08-12T14:52:29.733+05:30  INFO 19140 --- [simulation-service] [rap-executor-%d] c.n.d.s.r.aws.ConfigClusterResolver      : Resolving eureka endpoints via configuration
2026-08-12T14:57:29.743+05:30  INFO 19140 --- [simulation-service] [rap-executor-%d] c.n.d.s.r.aws.ConfigClusterResolver      : Resolving eureka endpoints via configuration
2026-08-12T15:02:29.748+05:30  INFO 19140 --- [simulation-service] [rap-executor-%d] c.n.d.s.r.aws.ConfigClusterResolver      : Resolving eureka endpoints via configuration
2026-08-12T15:07:29.758+05:30  INFO 19140 --- [simulation-service] [rap-executor-%d] c.n.d.s.r.aws.ConfigClusterResolver      : Resolving eureka endpoints via configuration
2026-08-12T15:07:48.993+05:30  WARN 19140 --- [simulation-service] [nio-8082-exec-3] .m.m.a.ExceptionHandlerExceptionResolver : Resolved [java.util.NoSuchElementException: No simulation found with simulation_id=linux-001]
2026-08-12T15:12:29.762+05:30  INFO 19140 --- [simulation-service] [rap-executor-%d] c.n.d.s.r.aws.ConfigClusterResolver      : Resolving eureka endpoints via configuration
2026-08-12T15:17:29.770+05:30  INFO 19140 --- [simulation-service] [rap-executor-%d] c.n.d.s.r.aws.ConfigClusterResolver      : Resolving eureka endpoints via configuration
2026-08-12T15:22:29.787+05:30  INFO 19140 --- [simulation-service] [rap-executor-%d] c.n.d.s.r.aws.ConfigClusterResolver      : Resolving eureka endpoints via configuration
2026-08-12T15:25:47.051+05:30  WARN 19140 --- [simulation-service] [nio-8082-exec-9] .m.m.a.ExceptionHandlerExceptionResolver : Resolved [java.util.NoSuchElementException: No simulation found with simulation_id=linux-001]
2026-08-12T15:27:29.799+05:30  INFO 19140 --- [simulation-service] [rap-executor-%d] c.n.d.s.r.aws.ConfigClusterResolver      : Resolving eureka endpoints via configuration
2026-08-12T15:32:29.805+05:30  INFO 19140 --- [simulation-service] [rap-executor-%d] c.n.d.s.r.aws.ConfigClusterResolver      : Resolving eureka endpoints via configuration
2026-08-12T15:37:29.813+05:30  INFO 19140 --- [simulation-service] [rap-executor-%d] c.n.d.s.r.aws.ConfigClusterResolver      : Resolving eureka endpoints via configuration
2026-08-12T15:42:29.816+05:30  INFO 19140 --- [simulation-service] [rap-executor-%d] c.n.d.s.r.aws.ConfigClusterResolver      : Resolving eureka endpoints via configuration
2026-08-12T15:47:29.828+05:30  INFO 19140 --- [simulation-service] [rap-executor-%d] c.n.d.s.r.aws.ConfigClusterResolver      : Resolving eureka endpoints via configuration
2026-08-12T15:52:29.829+05:30  INFO 19140 --- [simulation-service] [rap-executor-%d] c.n.d.s.r.aws.ConfigClusterResolver      : Resolving eureka endpoints via configuration
^CTerminate batch job (Y/N)? 